Archive member included to satisfy reference by file (symbol)

C:/Syntacore/sc-dt/riscv-gcc/bin/../lib/gcc/riscv64-unknown-elf/14.2.0/../../../../riscv64-unknown-elf/lib/rv32imfc_zicsr/ilp32f\libc.a(libc_a-memset.o)
                              ./platform/source/sys_init.o (symbol from plugin) (memset)
C:/Syntacore/sc-dt/riscv-gcc/bin/../lib/gcc/riscv64-unknown-elf/14.2.0/../../../../riscv64-unknown-elf/lib/rv32imfc_zicsr/ilp32f\libc.a(libc_a-memcpy.o)
                              ./platform/source/sys_init.o (symbol from plugin) (memcpy)

Discarded input sections

 .text          0x00000000        0x0 C:\Users\alova\AppData\Local\Temp\ccAix3qx.ltrans0.ltrans.o
 .bss           0x00000000        0x0 C:\Users\alova\AppData\Local\Temp\ccAix3qx.ltrans0.ltrans.o
 .group         0x00000000        0xc C:\Users\alova\AppData\Local\Temp\ccepHY9k.debug.temp.o
 .group         0x00000000        0xc C:\Users\alova\AppData\Local\Temp\ccepHY9k.debug.temp.o
 .group         0x00000000        0xc C:\Users\alova\AppData\Local\Temp\ccepHY9k.debug.temp.o
 .group         0x00000000        0xc C:\Users\alova\AppData\Local\Temp\ccepHY9k.debug.temp.o
 .group         0x00000000        0xc C:\Users\alova\AppData\Local\Temp\ccepHY9k.debug.temp.o
 .group         0x00000000        0xc C:\Users\alova\AppData\Local\Temp\ccepHY9k.debug.temp.o
 .group         0x00000000        0xc C:\Users\alova\AppData\Local\Temp\ccepHY9k.debug.temp.o
 .group         0x00000000        0xc C:\Users\alova\AppData\Local\Temp\ccepHY9k.debug.temp.o
 .group         0x00000000        0xc C:\Users\alova\AppData\Local\Temp\ccepHY9k.debug.temp.o
 .group         0x00000000        0xc C:\Users\alova\AppData\Local\Temp\ccepHY9k.debug.temp.o
 .comment       0x00000000       0x13 C:\Users\alova\AppData\Local\Temp\ccepHY9k.debug.temp.o
 .note.GNU-stack
                0x00000000        0x0 C:\Users\alova\AppData\Local\Temp\ccepHY9k.debug.temp.o
 .group         0x00000000        0xc C:\Users\alova\AppData\Local\Temp\ccU91s2L.debug.temp.o
 .group         0x00000000        0xc C:\Users\alova\AppData\Local\Temp\ccU91s2L.debug.temp.o
 .group         0x00000000        0xc C:\Users\alova\AppData\Local\Temp\ccU91s2L.debug.temp.o
 .group         0x00000000        0xc C:\Users\alova\AppData\Local\Temp\ccU91s2L.debug.temp.o
 .group         0x00000000        0xc C:\Users\alova\AppData\Local\Temp\ccU91s2L.debug.temp.o
 .group         0x00000000        0xc C:\Users\alova\AppData\Local\Temp\ccU91s2L.debug.temp.o
 .group         0x00000000        0xc C:\Users\alova\AppData\Local\Temp\ccU91s2L.debug.temp.o
 .group         0x00000000        0xc C:\Users\alova\AppData\Local\Temp\ccU91s2L.debug.temp.o
 .group         0x00000000        0xc C:\Users\alova\AppData\Local\Temp\ccU91s2L.debug.temp.o
 .group         0x00000000        0xc C:\Users\alova\AppData\Local\Temp\ccU91s2L.debug.temp.o
 .group         0x00000000        0xc C:\Users\alova\AppData\Local\Temp\ccU91s2L.debug.temp.o
 .group         0x00000000        0xc C:\Users\alova\AppData\Local\Temp\ccU91s2L.debug.temp.o
 .group         0x00000000        0xc C:\Users\alova\AppData\Local\Temp\ccU91s2L.debug.temp.o
 .group         0x00000000        0xc C:\Users\alova\AppData\Local\Temp\ccU91s2L.debug.temp.o
 .group         0x00000000        0xc C:\Users\alova\AppData\Local\Temp\ccU91s2L.debug.temp.o
 .group         0x00000000        0xc C:\Users\alova\AppData\Local\Temp\ccU91s2L.debug.temp.o
 .group         0x00000000        0xc C:\Users\alova\AppData\Local\Temp\ccU91s2L.debug.temp.o
 .group         0x00000000        0xc C:\Users\alova\AppData\Local\Temp\ccU91s2L.debug.temp.o
 .group         0x00000000        0xc C:\Users\alova\AppData\Local\Temp\ccU91s2L.debug.temp.o
 .group         0x00000000        0xc C:\Users\alova\AppData\Local\Temp\ccU91s2L.debug.temp.o
 .group         0x00000000        0xc C:\Users\alova\AppData\Local\Temp\ccU91s2L.debug.temp.o
 .group         0x00000000        0xc C:\Users\alova\AppData\Local\Temp\ccU91s2L.debug.temp.o
 .group         0x00000000        0xc C:\Users\alova\AppData\Local\Temp\ccU91s2L.debug.temp.o
 .group         0x00000000        0xc C:\Users\alova\AppData\Local\Temp\ccU91s2L.debug.temp.o
 .group         0x00000000        0xc C:\Users\alova\AppData\Local\Temp\ccU91s2L.debug.temp.o
 .group         0x00000000        0xc C:\Users\alova\AppData\Local\Temp\ccU91s2L.debug.temp.o
 .group         0x00000000        0xc C:\Users\alova\AppData\Local\Temp\ccU91s2L.debug.temp.o
 .group         0x00000000        0xc C:\Users\alova\AppData\Local\Temp\ccU91s2L.debug.temp.o
 .group         0x00000000        0xc C:\Users\alova\AppData\Local\Temp\ccU91s2L.debug.temp.o
 .debug_info    0x00000000      0xb76 C:\Users\alova\AppData\Local\Temp\ccU91s2L.debug.temp.o
 .debug_abbrev  0x00000000      0x277 C:\Users\alova\AppData\Local\Temp\ccU91s2L.debug.temp.o
 .debug_macro   0x00000000      0x157 C:\Users\alova\AppData\Local\Temp\ccU91s2L.debug.temp.o
 .debug_macro   0x00000000      0x7f0 C:\Users\alova\AppData\Local\Temp\ccU91s2L.debug.temp.o
 .debug_macro   0x00000000       0x22 C:\Users\alova\AppData\Local\Temp\ccU91s2L.debug.temp.o
 .debug_macro   0x00000000       0x68 C:\Users\alova\AppData\Local\Temp\ccU91s2L.debug.temp.o
 .debug_macro   0x00000000       0x20 C:\Users\alova\AppData\Local\Temp\ccU91s2L.debug.temp.o
 .debug_macro   0x00000000       0x94 C:\Users\alova\AppData\Local\Temp\ccU91s2L.debug.temp.o
 .debug_macro   0x00000000       0x3b C:\Users\alova\AppData\Local\Temp\ccU91s2L.debug.temp.o
 .debug_macro   0x00000000       0x34 C:\Users\alova\AppData\Local\Temp\ccU91s2L.debug.temp.o
 .debug_macro   0x00000000       0x16 C:\Users\alova\AppData\Local\Temp\ccU91s2L.debug.temp.o
 .debug_macro   0x00000000       0x57 C:\Users\alova\AppData\Local\Temp\ccU91s2L.debug.temp.o
 .debug_macro   0x00000000       0x9e C:\Users\alova\AppData\Local\Temp\ccU91s2L.debug.temp.o
 .debug_macro   0x00000000      0x364 C:\Users\alova\AppData\Local\Temp\ccU91s2L.debug.temp.o
 .debug_macro   0x00000000      0x112 C:\Users\alova\AppData\Local\Temp\ccU91s2L.debug.temp.o
 .debug_macro   0x00000000       0x10 C:\Users\alova\AppData\Local\Temp\ccU91s2L.debug.temp.o
 .debug_macro   0x00000000       0x16 C:\Users\alova\AppData\Local\Temp\ccU91s2L.debug.temp.o
 .debug_macro   0x00000000       0x4a C:\Users\alova\AppData\Local\Temp\ccU91s2L.debug.temp.o
 .debug_macro   0x00000000       0x34 C:\Users\alova\AppData\Local\Temp\ccU91s2L.debug.temp.o
 .debug_macro   0x00000000       0x10 C:\Users\alova\AppData\Local\Temp\ccU91s2L.debug.temp.o
 .debug_macro   0x00000000       0x58 C:\Users\alova\AppData\Local\Temp\ccU91s2L.debug.temp.o
 .debug_macro   0x00000000      0x1de C:\Users\alova\AppData\Local\Temp\ccU91s2L.debug.temp.o
 .debug_macro   0x00000000       0x16 C:\Users\alova\AppData\Local\Temp\ccU91s2L.debug.temp.o
 .debug_macro   0x00000000       0x16 C:\Users\alova\AppData\Local\Temp\ccU91s2L.debug.temp.o
 .debug_macro   0x00000000      0x170 C:\Users\alova\AppData\Local\Temp\ccU91s2L.debug.temp.o
 .debug_macro   0x00000000       0x4c C:\Users\alova\AppData\Local\Temp\ccU91s2L.debug.temp.o
 .debug_macro   0x00000000       0x1c C:\Users\alova\AppData\Local\Temp\ccU91s2L.debug.temp.o
 .debug_macro   0x00000000      0x103 C:\Users\alova\AppData\Local\Temp\ccU91s2L.debug.temp.o
 .debug_macro   0x00000000       0x6a C:\Users\alova\AppData\Local\Temp\ccU91s2L.debug.temp.o
 .debug_macro   0x00000000      0x1df C:\Users\alova\AppData\Local\Temp\ccU91s2L.debug.temp.o
 .debug_macro   0x00000000     0x7207 C:\Users\alova\AppData\Local\Temp\ccU91s2L.debug.temp.o
 .debug_macro   0x00000000       0x34 C:\Users\alova\AppData\Local\Temp\ccU91s2L.debug.temp.o
 .debug_line    0x00000000       0xbc C:\Users\alova\AppData\Local\Temp\ccU91s2L.debug.temp.o
 .debug_str     0x00000000    0x26a06 C:\Users\alova\AppData\Local\Temp\ccU91s2L.debug.temp.o
 .debug_line_str
                0x00000000      0x235 C:\Users\alova\AppData\Local\Temp\ccU91s2L.debug.temp.o
 .comment       0x00000000       0x13 C:\Users\alova\AppData\Local\Temp\ccU91s2L.debug.temp.o
 .note.GNU-stack
                0x00000000        0x0 C:\Users\alova\AppData\Local\Temp\ccU91s2L.debug.temp.o
 .group         0x00000000        0xc C:\Users\alova\AppData\Local\Temp\cc2Edq6b.debug.temp.o
 .group         0x00000000        0xc C:\Users\alova\AppData\Local\Temp\cc2Edq6b.debug.temp.o
 .group         0x00000000        0xc C:\Users\alova\AppData\Local\Temp\cc2Edq6b.debug.temp.o
 .group         0x00000000        0xc C:\Users\alova\AppData\Local\Temp\cc2Edq6b.debug.temp.o
 .group         0x00000000        0xc C:\Users\alova\AppData\Local\Temp\cc2Edq6b.debug.temp.o
 .group         0x00000000        0xc C:\Users\alova\AppData\Local\Temp\cc2Edq6b.debug.temp.o
 .group         0x00000000        0xc C:\Users\alova\AppData\Local\Temp\cc2Edq6b.debug.temp.o
 .group         0x00000000        0xc C:\Users\alova\AppData\Local\Temp\cc2Edq6b.debug.temp.o
 .group         0x00000000        0xc C:\Users\alova\AppData\Local\Temp\cc2Edq6b.debug.temp.o
 .group         0x00000000        0xc C:\Users\alova\AppData\Local\Temp\cc2Edq6b.debug.temp.o
 .group         0x00000000        0xc C:\Users\alova\AppData\Local\Temp\cc2Edq6b.debug.temp.o
 .group         0x00000000        0xc C:\Users\alova\AppData\Local\Temp\cc2Edq6b.debug.temp.o
 .group         0x00000000        0xc C:\Users\alova\AppData\Local\Temp\cc2Edq6b.debug.temp.o
 .group         0x00000000        0xc C:\Users\alova\AppData\Local\Temp\cc2Edq6b.debug.temp.o
 .group         0x00000000        0xc C:\Users\alova\AppData\Local\Temp\cc2Edq6b.debug.temp.o
 .group         0x00000000        0xc C:\Users\alova\AppData\Local\Temp\cc2Edq6b.debug.temp.o
 .group         0x00000000        0xc C:\Users\alova\AppData\Local\Temp\cc2Edq6b.debug.temp.o
 .group         0x00000000        0xc C:\Users\alova\AppData\Local\Temp\cc2Edq6b.debug.temp.o
 .group         0x00000000        0xc C:\Users\alova\AppData\Local\Temp\cc2Edq6b.debug.temp.o
 .group         0x00000000        0xc C:\Users\alova\AppData\Local\Temp\cc2Edq6b.debug.temp.o
 .group         0x00000000        0xc C:\Users\alova\AppData\Local\Temp\cc2Edq6b.debug.temp.o
 .group         0x00000000        0xc C:\Users\alova\AppData\Local\Temp\cc2Edq6b.debug.temp.o
 .group         0x00000000        0xc C:\Users\alova\AppData\Local\Temp\cc2Edq6b.debug.temp.o
 .group         0x00000000        0xc C:\Users\alova\AppData\Local\Temp\cc2Edq6b.debug.temp.o
 .group         0x00000000        0xc C:\Users\alova\AppData\Local\Temp\cc2Edq6b.debug.temp.o
 .group         0x00000000        0xc C:\Users\alova\AppData\Local\Temp\cc2Edq6b.debug.temp.o
 .group         0x00000000        0xc C:\Users\alova\AppData\Local\Temp\cc2Edq6b.debug.temp.o
 .group         0x00000000        0xc C:\Users\alova\AppData\Local\Temp\cc2Edq6b.debug.temp.o
 .group         0x00000000        0xc C:\Users\alova\AppData\Local\Temp\cc2Edq6b.debug.temp.o
 .group         0x00000000        0xc C:\Users\alova\AppData\Local\Temp\cc2Edq6b.debug.temp.o
 .group         0x00000000        0xc C:\Users\alova\AppData\Local\Temp\cc2Edq6b.debug.temp.o
 .group         0x00000000        0xc C:\Users\alova\AppData\Local\Temp\cc2Edq6b.debug.temp.o
 .debug_macro   0x00000000      0x7f0 C:\Users\alova\AppData\Local\Temp\cc2Edq6b.debug.temp.o
 .debug_macro   0x00000000       0x22 C:\Users\alova\AppData\Local\Temp\cc2Edq6b.debug.temp.o
 .debug_macro   0x00000000       0x68 C:\Users\alova\AppData\Local\Temp\cc2Edq6b.debug.temp.o
 .debug_macro   0x00000000       0x20 C:\Users\alova\AppData\Local\Temp\cc2Edq6b.debug.temp.o
 .debug_macro   0x00000000       0x94 C:\Users\alova\AppData\Local\Temp\cc2Edq6b.debug.temp.o
 .debug_macro   0x00000000       0x3b C:\Users\alova\AppData\Local\Temp\cc2Edq6b.debug.temp.o
 .debug_macro   0x00000000       0x34 C:\Users\alova\AppData\Local\Temp\cc2Edq6b.debug.temp.o
 .debug_macro   0x00000000       0x57 C:\Users\alova\AppData\Local\Temp\cc2Edq6b.debug.temp.o
 .debug_macro   0x00000000      0x364 C:\Users\alova\AppData\Local\Temp\cc2Edq6b.debug.temp.o
 .debug_macro   0x00000000       0x16 C:\Users\alova\AppData\Local\Temp\cc2Edq6b.debug.temp.o
 .debug_macro   0x00000000       0x4a C:\Users\alova\AppData\Local\Temp\cc2Edq6b.debug.temp.o
 .debug_macro   0x00000000       0x34 C:\Users\alova\AppData\Local\Temp\cc2Edq6b.debug.temp.o
 .debug_macro   0x00000000       0x10 C:\Users\alova\AppData\Local\Temp\cc2Edq6b.debug.temp.o
 .debug_macro   0x00000000       0x58 C:\Users\alova\AppData\Local\Temp\cc2Edq6b.debug.temp.o
 .debug_macro   0x00000000      0x1de C:\Users\alova\AppData\Local\Temp\cc2Edq6b.debug.temp.o
 .debug_macro   0x00000000       0x6a C:\Users\alova\AppData\Local\Temp\cc2Edq6b.debug.temp.o
 .comment       0x00000000       0x13 C:\Users\alova\AppData\Local\Temp\cc2Edq6b.debug.temp.o
 .note.GNU-stack
                0x00000000        0x0 C:\Users\alova\AppData\Local\Temp\cc2Edq6b.debug.temp.o
 .group         0x00000000        0xc C:\Users\alova\AppData\Local\Temp\ccATT2nC.debug.temp.o
 .group         0x00000000        0xc C:\Users\alova\AppData\Local\Temp\ccATT2nC.debug.temp.o
 .group         0x00000000        0xc C:\Users\alova\AppData\Local\Temp\ccATT2nC.debug.temp.o
 .group         0x00000000        0xc C:\Users\alova\AppData\Local\Temp\ccATT2nC.debug.temp.o
 .group         0x00000000        0xc C:\Users\alova\AppData\Local\Temp\ccATT2nC.debug.temp.o
 .group         0x00000000        0xc C:\Users\alova\AppData\Local\Temp\ccATT2nC.debug.temp.o
 .group         0x00000000        0xc C:\Users\alova\AppData\Local\Temp\ccATT2nC.debug.temp.o
 .group         0x00000000        0xc C:\Users\alova\AppData\Local\Temp\ccATT2nC.debug.temp.o
 .group         0x00000000        0xc C:\Users\alova\AppData\Local\Temp\ccATT2nC.debug.temp.o
 .group         0x00000000        0xc C:\Users\alova\AppData\Local\Temp\ccATT2nC.debug.temp.o
 .group         0x00000000        0xc C:\Users\alova\AppData\Local\Temp\ccATT2nC.debug.temp.o
 .group         0x00000000        0xc C:\Users\alova\AppData\Local\Temp\ccATT2nC.debug.temp.o
 .group         0x00000000        0xc C:\Users\alova\AppData\Local\Temp\ccATT2nC.debug.temp.o
 .debug_macro   0x00000000      0x7f0 C:\Users\alova\AppData\Local\Temp\ccATT2nC.debug.temp.o
 .debug_macro   0x00000000       0x22 C:\Users\alova\AppData\Local\Temp\ccATT2nC.debug.temp.o
 .debug_macro   0x00000000       0x8e C:\Users\alova\AppData\Local\Temp\ccATT2nC.debug.temp.o
 .debug_macro   0x00000000       0x51 C:\Users\alova\AppData\Local\Temp\ccATT2nC.debug.temp.o
 .debug_macro   0x00000000      0x103 C:\Users\alova\AppData\Local\Temp\ccATT2nC.debug.temp.o
 .debug_macro   0x00000000       0x6a C:\Users\alova\AppData\Local\Temp\ccATT2nC.debug.temp.o
 .debug_macro   0x00000000      0x1df C:\Users\alova\AppData\Local\Temp\ccATT2nC.debug.temp.o
 .debug_macro   0x00000000       0x1c C:\Users\alova\AppData\Local\Temp\ccATT2nC.debug.temp.o
 .debug_macro   0x00000000       0x34 C:\Users\alova\AppData\Local\Temp\ccATT2nC.debug.temp.o
 .comment       0x00000000       0x13 C:\Users\alova\AppData\Local\Temp\ccATT2nC.debug.temp.o
 .note.GNU-stack
                0x00000000        0x0 C:\Users\alova\AppData\Local\Temp\ccATT2nC.debug.temp.o
 .group         0x00000000        0xc C:\Users\alova\AppData\Local\Temp\ccWj9eB2.debug.temp.o
 .group         0x00000000        0xc C:\Users\alova\AppData\Local\Temp\ccWj9eB2.debug.temp.o
 .group         0x00000000        0xc C:\Users\alova\AppData\Local\Temp\ccWj9eB2.debug.temp.o
 .group         0x00000000        0xc C:\Users\alova\AppData\Local\Temp\ccWj9eB2.debug.temp.o
 .group         0x00000000        0xc C:\Users\alova\AppData\Local\Temp\ccWj9eB2.debug.temp.o
 .group         0x00000000        0xc C:\Users\alova\AppData\Local\Temp\ccWj9eB2.debug.temp.o
 .group         0x00000000        0xc C:\Users\alova\AppData\Local\Temp\ccWj9eB2.debug.temp.o
 .group         0x00000000        0xc C:\Users\alova\AppData\Local\Temp\ccWj9eB2.debug.temp.o
 .group         0x00000000        0xc C:\Users\alova\AppData\Local\Temp\ccWj9eB2.debug.temp.o
 .group         0x00000000        0xc C:\Users\alova\AppData\Local\Temp\ccWj9eB2.debug.temp.o
 .group         0x00000000        0xc C:\Users\alova\AppData\Local\Temp\ccWj9eB2.debug.temp.o
 .group         0x00000000        0xc C:\Users\alova\AppData\Local\Temp\ccWj9eB2.debug.temp.o
 .group         0x00000000        0xc C:\Users\alova\AppData\Local\Temp\ccWj9eB2.debug.temp.o
 .group         0x00000000        0xc C:\Users\alova\AppData\Local\Temp\ccWj9eB2.debug.temp.o
 .group         0x00000000        0xc C:\Users\alova\AppData\Local\Temp\ccWj9eB2.debug.temp.o
 .group         0x00000000        0xc C:\Users\alova\AppData\Local\Temp\ccWj9eB2.debug.temp.o
 .group         0x00000000        0xc C:\Users\alova\AppData\Local\Temp\ccWj9eB2.debug.temp.o
 .group         0x00000000        0xc C:\Users\alova\AppData\Local\Temp\ccWj9eB2.debug.temp.o
 .group         0x00000000        0xc C:\Users\alova\AppData\Local\Temp\ccWj9eB2.debug.temp.o
 .group         0x00000000        0xc C:\Users\alova\AppData\Local\Temp\ccWj9eB2.debug.temp.o
 .group         0x00000000        0xc C:\Users\alova\AppData\Local\Temp\ccWj9eB2.debug.temp.o
 .group         0x00000000        0xc C:\Users\alova\AppData\Local\Temp\ccWj9eB2.debug.temp.o
 .group         0x00000000        0xc C:\Users\alova\AppData\Local\Temp\ccWj9eB2.debug.temp.o
 .group         0x00000000        0xc C:\Users\alova\AppData\Local\Temp\ccWj9eB2.debug.temp.o
 .group         0x00000000        0xc C:\Users\alova\AppData\Local\Temp\ccWj9eB2.debug.temp.o
 .group         0x00000000        0xc C:\Users\alova\AppData\Local\Temp\ccWj9eB2.debug.temp.o
 .group         0x00000000        0xc C:\Users\alova\AppData\Local\Temp\ccWj9eB2.debug.temp.o
 .group         0x00000000        0xc C:\Users\alova\AppData\Local\Temp\ccWj9eB2.debug.temp.o
 .group         0x00000000        0xc C:\Users\alova\AppData\Local\Temp\ccWj9eB2.debug.temp.o
 .group         0x00000000        0xc C:\Users\alova\AppData\Local\Temp\ccWj9eB2.debug.temp.o
 .group         0x00000000        0xc C:\Users\alova\AppData\Local\Temp\ccWj9eB2.debug.temp.o
 .group         0x00000000        0xc C:\Users\alova\AppData\Local\Temp\ccWj9eB2.debug.temp.o
 .group         0x00000000        0xc C:\Users\alova\AppData\Local\Temp\ccWj9eB2.debug.temp.o
 .debug_macro   0x00000000      0x7f0 C:\Users\alova\AppData\Local\Temp\ccWj9eB2.debug.temp.o
 .debug_macro   0x00000000       0x1c C:\Users\alova\AppData\Local\Temp\ccWj9eB2.debug.temp.o
 .debug_macro   0x00000000       0x22 C:\Users\alova\AppData\Local\Temp\ccWj9eB2.debug.temp.o
 .debug_macro   0x00000000       0x8e C:\Users\alova\AppData\Local\Temp\ccWj9eB2.debug.temp.o
 .debug_macro   0x00000000       0x51 C:\Users\alova\AppData\Local\Temp\ccWj9eB2.debug.temp.o
 .debug_macro   0x00000000      0x103 C:\Users\alova\AppData\Local\Temp\ccWj9eB2.debug.temp.o
 .debug_macro   0x00000000       0x6a C:\Users\alova\AppData\Local\Temp\ccWj9eB2.debug.temp.o
 .debug_macro   0x00000000      0x1df C:\Users\alova\AppData\Local\Temp\ccWj9eB2.debug.temp.o
 .debug_macro   0x00000000     0x7207 C:\Users\alova\AppData\Local\Temp\ccWj9eB2.debug.temp.o
 .debug_macro   0x00000000       0x20 C:\Users\alova\AppData\Local\Temp\ccWj9eB2.debug.temp.o
 .debug_macro   0x00000000       0x3b C:\Users\alova\AppData\Local\Temp\ccWj9eB2.debug.temp.o
 .debug_macro   0x00000000       0x34 C:\Users\alova\AppData\Local\Temp\ccWj9eB2.debug.temp.o
 .debug_macro   0x00000000       0x16 C:\Users\alova\AppData\Local\Temp\ccWj9eB2.debug.temp.o
 .debug_macro   0x00000000       0x9e C:\Users\alova\AppData\Local\Temp\ccWj9eB2.debug.temp.o
 .debug_macro   0x00000000      0x364 C:\Users\alova\AppData\Local\Temp\ccWj9eB2.debug.temp.o
 .debug_macro   0x00000000      0x112 C:\Users\alova\AppData\Local\Temp\ccWj9eB2.debug.temp.o
 .debug_macro   0x00000000       0x10 C:\Users\alova\AppData\Local\Temp\ccWj9eB2.debug.temp.o
 .debug_macro   0x00000000       0x16 C:\Users\alova\AppData\Local\Temp\ccWj9eB2.debug.temp.o
 .debug_macro   0x00000000       0x4a C:\Users\alova\AppData\Local\Temp\ccWj9eB2.debug.temp.o
 .debug_macro   0x00000000       0x34 C:\Users\alova\AppData\Local\Temp\ccWj9eB2.debug.temp.o
 .debug_macro   0x00000000       0x10 C:\Users\alova\AppData\Local\Temp\ccWj9eB2.debug.temp.o
 .debug_macro   0x00000000       0x58 C:\Users\alova\AppData\Local\Temp\ccWj9eB2.debug.temp.o
 .debug_macro   0x00000000      0x1de C:\Users\alova\AppData\Local\Temp\ccWj9eB2.debug.temp.o
 .debug_macro   0x00000000       0x16 C:\Users\alova\AppData\Local\Temp\ccWj9eB2.debug.temp.o
 .debug_macro   0x00000000       0x16 C:\Users\alova\AppData\Local\Temp\ccWj9eB2.debug.temp.o
 .debug_macro   0x00000000      0x170 C:\Users\alova\AppData\Local\Temp\ccWj9eB2.debug.temp.o
 .debug_macro   0x00000000       0x1c C:\Users\alova\AppData\Local\Temp\ccWj9eB2.debug.temp.o
 .debug_macro   0x00000000       0x34 C:\Users\alova\AppData\Local\Temp\ccWj9eB2.debug.temp.o
 .debug_macro   0x00000000      0x10c C:\Users\alova\AppData\Local\Temp\ccWj9eB2.debug.temp.o
 .debug_macro   0x00000000       0xd6 C:\Users\alova\AppData\Local\Temp\ccWj9eB2.debug.temp.o
 .debug_macro   0x00000000       0x6a C:\Users\alova\AppData\Local\Temp\ccWj9eB2.debug.temp.o
 .comment       0x00000000       0x13 C:\Users\alova\AppData\Local\Temp\ccWj9eB2.debug.temp.o
 .note.GNU-stack
                0x00000000        0x0 C:\Users\alova\AppData\Local\Temp\ccWj9eB2.debug.temp.o
 .group         0x00000000        0xc C:\Users\alova\AppData\Local\Temp\cccNlOXw.debug.temp.o
 .group         0x00000000        0xc C:\Users\alova\AppData\Local\Temp\cccNlOXw.debug.temp.o
 .group         0x00000000        0xc C:\Users\alova\AppData\Local\Temp\cccNlOXw.debug.temp.o
 .group         0x00000000        0xc C:\Users\alova\AppData\Local\Temp\cccNlOXw.debug.temp.o
 .group         0x00000000        0xc C:\Users\alova\AppData\Local\Temp\cccNlOXw.debug.temp.o
 .group         0x00000000        0xc C:\Users\alova\AppData\Local\Temp\cccNlOXw.debug.temp.o
 .group         0x00000000        0xc C:\Users\alova\AppData\Local\Temp\cccNlOXw.debug.temp.o
 .group         0x00000000        0xc C:\Users\alova\AppData\Local\Temp\cccNlOXw.debug.temp.o
 .group         0x00000000        0xc C:\Users\alova\AppData\Local\Temp\cccNlOXw.debug.temp.o
 .group         0x00000000        0xc C:\Users\alova\AppData\Local\Temp\cccNlOXw.debug.temp.o
 .debug_info    0x00000000     0x2fd5 C:\Users\alova\AppData\Local\Temp\cccNlOXw.debug.temp.o
 .debug_abbrev  0x00000000      0x16e C:\Users\alova\AppData\Local\Temp\cccNlOXw.debug.temp.o
 .debug_macro   0x00000000       0x86 C:\Users\alova\AppData\Local\Temp\cccNlOXw.debug.temp.o
 .debug_macro   0x00000000      0x7f0 C:\Users\alova\AppData\Local\Temp\cccNlOXw.debug.temp.o
 .debug_macro   0x00000000       0x1c C:\Users\alova\AppData\Local\Temp\cccNlOXw.debug.temp.o
 .debug_macro   0x00000000       0x22 C:\Users\alova\AppData\Local\Temp\cccNlOXw.debug.temp.o
 .debug_macro   0x00000000       0x8e C:\Users\alova\AppData\Local\Temp\cccNlOXw.debug.temp.o
 .debug_macro   0x00000000       0x51 C:\Users\alova\AppData\Local\Temp\cccNlOXw.debug.temp.o
 .debug_macro   0x00000000      0x103 C:\Users\alova\AppData\Local\Temp\cccNlOXw.debug.temp.o
 .debug_macro   0x00000000       0x6a C:\Users\alova\AppData\Local\Temp\cccNlOXw.debug.temp.o
 .debug_macro   0x00000000      0x1df C:\Users\alova\AppData\Local\Temp\cccNlOXw.debug.temp.o
 .debug_macro   0x00000000     0x7207 C:\Users\alova\AppData\Local\Temp\cccNlOXw.debug.temp.o
 .debug_macro   0x00000000       0x34 C:\Users\alova\AppData\Local\Temp\cccNlOXw.debug.temp.o
 .debug_line    0x00000000       0x7b C:\Users\alova\AppData\Local\Temp\cccNlOXw.debug.temp.o
 .debug_str     0x00000000    0x24093 C:\Users\alova\AppData\Local\Temp\cccNlOXw.debug.temp.o
 .debug_line_str
                0x00000000      0x1bc C:\Users\alova\AppData\Local\Temp\cccNlOXw.debug.temp.o
 .comment       0x00000000       0x13 C:\Users\alova\AppData\Local\Temp\cccNlOXw.debug.temp.o
 .note.GNU-stack
                0x00000000        0x0 C:\Users\alova\AppData\Local\Temp\cccNlOXw.debug.temp.o
 .text          0x00000000        0x0 ./platform/source/startup_k1921vg015.o
 .data          0x00000000        0x0 ./platform/source/startup_k1921vg015.o
 .bss           0x00000000        0x0 ./platform/source/startup_k1921vg015.o
 .data          0x00000000        0x0 C:/Syntacore/sc-dt/riscv-gcc/bin/../lib/gcc/riscv64-unknown-elf/14.2.0/../../../../riscv64-unknown-elf/lib/rv32imfc_zicsr/ilp32f\libc.a(libc_a-memset.o)
 .bss           0x00000000        0x0 C:/Syntacore/sc-dt/riscv-gcc/bin/../lib/gcc/riscv64-unknown-elf/14.2.0/../../../../riscv64-unknown-elf/lib/rv32imfc_zicsr/ilp32f\libc.a(libc_a-memset.o)
 .text          0x00000000        0x0 C:/Syntacore/sc-dt/riscv-gcc/bin/../lib/gcc/riscv64-unknown-elf/14.2.0/../../../../riscv64-unknown-elf/lib/rv32imfc_zicsr/ilp32f\libc.a(libc_a-memcpy.o)
 .data          0x00000000        0x0 C:/Syntacore/sc-dt/riscv-gcc/bin/../lib/gcc/riscv64-unknown-elf/14.2.0/../../../../riscv64-unknown-elf/lib/rv32imfc_zicsr/ilp32f\libc.a(libc_a-memcpy.o)
 .bss           0x00000000        0x0 C:/Syntacore/sc-dt/riscv-gcc/bin/../lib/gcc/riscv64-unknown-elf/14.2.0/../../../../riscv64-unknown-elf/lib/rv32imfc_zicsr/ilp32f\libc.a(libc_a-memcpy.o)

Memory Configuration

Name             Origin             Length             Attributes
ROM              0x80000000         0x00100000         xrw
RAM0             0x40000000         0x00040000         xrw
RAM1             0x10000000         0x00010000         xrw
*default*        0x00000000         0xffffffff

Linker script and memory map

LOAD ./platform/source/plic.o
LOAD C:\Users\alova\AppData\Local\Temp\ccAix3qx.ltrans0.ltrans.o
LOAD C:\Users\alova\AppData\Local\Temp\ccepHY9k.debug.temp.o
LOAD C:\Users\alova\AppData\Local\Temp\ccU91s2L.debug.temp.o
LOAD C:\Users\alova\AppData\Local\Temp\cc2Edq6b.debug.temp.o
LOAD C:\Users\alova\AppData\Local\Temp\ccATT2nC.debug.temp.o
LOAD C:\Users\alova\AppData\Local\Temp\ccWj9eB2.debug.temp.o
LOAD C:\Users\alova\AppData\Local\Temp\cccNlOXw.debug.temp.o
LOAD ./platform/source/printf.o
LOAD ./platform/source/startup_k1921vg015.o
LOAD ./platform/source/sys_init.o
LOAD ./platform/source/system_k1921vg015.o
LOAD ./main.o
LOAD ./retarget.o
LOAD C:/Syntacore/sc-dt/riscv-gcc/bin/../lib/gcc/riscv64-unknown-elf/14.2.0/rv32imfc_zicsr/ilp32f\libgcc.a
LOAD C:/Syntacore/sc-dt/riscv-gcc/bin/../lib/gcc/riscv64-unknown-elf/14.2.0/../../../../riscv64-unknown-elf/lib/rv32imfc_zicsr/ilp32f\libstdc++.a
LOAD C:/Syntacore/sc-dt/riscv-gcc/bin/../lib/gcc/riscv64-unknown-elf/14.2.0/../../../../riscv64-unknown-elf/lib/rv32imfc_zicsr/ilp32f\libm.a
LOAD C:/Syntacore/sc-dt/riscv-gcc/bin/../lib/gcc/riscv64-unknown-elf/14.2.0/../../../../riscv64-unknown-elf/lib/rv32imfc_zicsr/ilp32f\libc.a
LOAD C:/Syntacore/sc-dt/riscv-gcc/bin/../lib/gcc/riscv64-unknown-elf/14.2.0/rv32imfc_zicsr/ilp32f\libgcc.a
START GROUP
LOAD C:/Syntacore/sc-dt/riscv-gcc/bin/../lib/gcc/riscv64-unknown-elf/14.2.0/../../../../riscv64-unknown-elf/lib/rv32imfc_zicsr/ilp32f\libc.a
LOAD C:/Syntacore/sc-dt/riscv-gcc/bin/../lib/gcc/riscv64-unknown-elf/14.2.0/../../../../riscv64-unknown-elf/lib/rv32imfc_zicsr/ilp32f\libgloss.a
END GROUP
LOAD C:/Syntacore/sc-dt/riscv-gcc/bin/../lib/gcc/riscv64-unknown-elf/14.2.0/rv32imfc_zicsr/ilp32f\libgcc.a
                0x00000800                        STACK_SIZE = 0x800
                0x00000800                        STACK_SIZE = DEFINED (STACK_SIZE)?STACK_SIZE:0x800

.text.startup   0x80000000      0x102
 *(.startup.entry .startup.*)
 .startup.entry
                0x80000000       0xa8 ./platform/source/startup_k1921vg015.o
                0x80000000                _start
                0x8000008c                _hart_halt
                0x8000009c                exit
                0x800000a0                abort
                0x800000a4                app_init
                0x800000b0                        . = ALIGN (0x10)
 *fill*         0x800000a8        0x8 
 *(.init.rodata .init.rodata.*)
                0x800000b0                        . = ALIGN (0x10)
 *(.init.data .init.data.*)
                0x800000b0                        . = ALIGN (0x10)
 *(.init.text .init.text.*)
 .init.text     0x800000b0       0x52 C:\Users\alova\AppData\Local\Temp\ccAix3qx.ltrans0.ltrans.o
                0x800000b0                plf_init
                0x80000000                        __TEXT_INIT_START__ = LOADADDR (.text.startup)
                0x00000102                        __TEXT_INIT_SIZE__ = SIZEOF (.text.startup)

.text.crt       0x80000140      0x184
 *(.text.crt*)
 .text.crt.trap_entry
                0x80000140      0x184 ./platform/source/startup_k1921vg015.o
                0x80000140                trap_entry

.text           0x800002c4      0x4d6
                [!provide]                        PROVIDE (__TEXT_START__ = .)
 *(.text .text.*)
 .text.PLIC_ClaimIrq
                0x800002c4       0x12 C:\Users\alova\AppData\Local\Temp\ccAix3qx.ltrans0.ltrans.o
 .text.PLIC_ClaimComplete
                0x800002d6       0x12 C:\Users\alova\AppData\Local\Temp\ccAix3qx.ltrans0.ltrans.o
 .text.PLIC_SetThreshold
                0x800002e8       0x12 C:\Users\alova\AppData\Local\Temp\ccAix3qx.ltrans0.ltrans.o
 .text.PLIC_MachHandler
                0x800002fa       0x2e C:\Users\alova\AppData\Local\Temp\ccAix3qx.ltrans0.ltrans.o
 .text.SystemCoreClockUpdate
                0x80000328       0xdc C:\Users\alova\AppData\Local\Temp\ccAix3qx.ltrans0.ltrans.o
 .text.ClkInit  0x80000404       0xe6 C:\Users\alova\AppData\Local\Temp\ccAix3qx.ltrans0.ltrans.o
 .text.InterruptEnable
                0x800004ea       0x26 C:\Users\alova\AppData\Local\Temp\ccAix3qx.ltrans0.ltrans.o
 .text.SystemInit
                0x80000510        0xc C:\Users\alova\AppData\Local\Temp\ccAix3qx.ltrans0.ltrans.o
 .text.UART1_init
                0x8000051c       0x98 C:\Users\alova\AppData\Local\Temp\ccAix3qx.ltrans0.ltrans.o
 .text.periph_init
                0x800005b4       0x10 C:\Users\alova\AppData\Local\Temp\ccAix3qx.ltrans0.ltrans.o
 .text.trap_handler
                0x800005c4       0x16 C:\Users\alova\AppData\Local\Temp\ccAix3qx.ltrans0.ltrans.o
                0x800005c4                trap_handler
 .text.main     0x800005da       0x2c C:\Users\alova\AppData\Local\Temp\ccAix3qx.ltrans0.ltrans.o
                0x800005da                main
 .text          0x80000606       0xa8 C:/Syntacore/sc-dt/riscv-gcc/bin/../lib/gcc/riscv64-unknown-elf/14.2.0/../../../../riscv64-unknown-elf/lib/rv32imfc_zicsr/ilp32f\libc.a(libc_a-memset.o)
                0x80000606                memset
 .text.memcpy   0x800006ae       0xec C:/Syntacore/sc-dt/riscv-gcc/bin/../lib/gcc/riscv64-unknown-elf/14.2.0/../../../../riscv64-unknown-elf/lib/rv32imfc_zicsr/ilp32f\libc.a(libc_a-memcpy.o)
                0x800006ae                memcpy
                [!provide]                        PROVIDE (__TEXT_END__ = .)

.rela.dyn       0x8000079c        0x0
 .rela.startup.entry
                0x8000079c        0x0 ./platform/source/startup_k1921vg015.o
 .rela.text.crt.trap_entry
                0x8000079c        0x0 ./platform/source/startup_k1921vg015.o
 .rela.init.text
                0x8000079c        0x0 ./platform/source/startup_k1921vg015.o

.tdata          0x8000079c        0x0
                [!provide]                        PROVIDE (_tls_data = .)
                0x8000079c                        PROVIDE (_tdata_start = .)
 *(.tdata .tdata.*)
                [!provide]                        PROVIDE (_tdata_end = .)

.tbss           0x8000079c        0x0
                [!provide]                        PROVIDE (_tbss_start = .)
 *(.tbss .tbss.*)
                0x8000079c                        . = ALIGN (0x4)
                0x8000079c                        PROVIDE (_tbss_end = .)
                0x00000000                        __TLS_SIZE__ = (((_tbss_end - _tdata_start) + 0xf) & 0xfffffffffffffff0)

.rodata
 *(.rodata)
 *(.rodata.*)
 *(.gnu.linkonce.r.*)

.srodata
 *(.srodata.cst16)
 *(.srodata.cst8)
 *(.srodata.cst4)
 *(.srodata.cst2)
 *(.srodata*)

.sdata          0x40000000        0x0 load address 0x8000079c
                0x40000000                        __SDATA_BEGIN__ = .
 *(.sdata .sdata.* .sdata2.* .gnu.linkonce.s.*)

.data           0x40000000       0x80 load address 0x8000079c
                0x40000000                        __DATA_BEGIN__ = .
 *(.data .data.* .gnu.linkonce.d.*)
 .data          0x40000000       0x80 C:\Users\alova\AppData\Local\Temp\ccAix3qx.ltrans0.ltrans.o
                0x40000080                        _edata = .
                [!provide]                        PROVIDE (edata = .)
                0x8000079c                        PROVIDE (__data_source_start = LOADADDR (.data))
                0x40000000                        PROVIDE (__data_target_start = ADDR (.data))
                0x40000080                        PROVIDE (__data_target_end = (ADDR (.data) + SIZEOF (.data)))
                0x8000079c                        PROVIDE (__sdata_source_start = LOADADDR (.sdata))
                0x40000000                        PROVIDE (__sdata_target_start = ADDR (.sdata))
                0x40000000                        PROVIDE (__sdata_target_end = (ADDR (.sdata) + SIZEOF (.sdata)))

.sbss           0x40000080       0x10 load address 0x8000081c
                0x40000080                        PROVIDE (__bss_start = .)
 *(.sbss .sbss.* .gnu.linkonce.sb.*)
 .sbss.led_shift
                0x40000080        0x4 C:\Users\alova\AppData\Local\Temp\ccAix3qx.ltrans0.ltrans.o
 .sbss.SystemCoreClock
                0x40000084        0x4 C:\Users\alova\AppData\Local\Temp\ccAix3qx.ltrans0.ltrans.o
 .sbss.SystemPll1Clock
                0x40000088        0x4 C:\Users\alova\AppData\Local\Temp\ccAix3qx.ltrans0.ltrans.o
 .sbss.SystemPll0Clock
                0x4000008c        0x4 C:\Users\alova\AppData\Local\Temp\ccAix3qx.ltrans0.ltrans.o
 *(.scommon)

.bss            0x40000090        0x0 load address 0x8000081c
 *(.bss .bss.* .gnu.linkonce.b.*)
 *(COMMON)
                0x40000090                        . = ALIGN (0x4)
                0x40000090                        __BSS_END__ = .
                0x40000090                        PROVIDE (__bss_end = .)
                [!provide]                        PROVIDE (_end = .)
                [!provide]                        PROVIDE (__end = .)
                0x40000780                        __global_pointer$ = MIN ((__DATA_BEGIN__ + 0x780), MAX ((__SDATA_BEGIN__ + 0x780), (__BSS_END__ - 0x780)))

.stack          0x4003f800      0x800
                0x4003f800                        PROVIDE (__STACK_START__ = .)
                0x40040000                        . = (. + STACK_SIZE)
 *fill*         0x4003f800      0x800 
                [!provide]                        PROVIDE (__C_STACK_TOP__ = .)
                [!provide]                        PROVIDE (__STACK_END__ = .)
                0x40040000                        PROVIDE (__TLS0_BASE__ = .)
                0x40000090                        _heap_start = ALIGN (__bss_end, 0x10)
                0x4003f800                        _heap_end = DEFINED (HEAP_FIXED_AFTER_BSS)?MIN (ALIGN (__STACK_START__, 0x10), (_heap_start + HEAP_FIXED_AFTER_BSS)):ALIGN (__STACK_START__, 0x10)

/DISCARD/
 *(.init.text.plf_init_relocate)
 *(.eh_frame .eh_frame.*)
OUTPUT(Run_leds__2.elf elf32-littleriscv)

.debug_info     0x00000000     0x6af8
 .debug_info    0x00000000      0x333 C:\Users\alova\AppData\Local\Temp\ccAix3qx.ltrans0.ltrans.o
 .debug_info    0x00000333      0x39e C:\Users\alova\AppData\Local\Temp\ccepHY9k.debug.temp.o
                0x00000333                plic.c.21d8f78f
 .debug_info    0x000006d1      0x15e C:\Users\alova\AppData\Local\Temp\cc2Edq6b.debug.temp.o
                0x000006d1                sys_init.c.d9db5e6f
 .debug_info    0x0000082f     0x2b82 C:\Users\alova\AppData\Local\Temp\ccATT2nC.debug.temp.o
                0x0000082f                system_k1921vg015.c.08e00f8f
 .debug_info    0x000033b1     0x3716 C:\Users\alova\AppData\Local\Temp\ccWj9eB2.debug.temp.o
                0x000033b1                main.c.fafdc48c
 .debug_info    0x00006ac7       0x31 ./platform/source/startup_k1921vg015.o

.debug_abbrev   0x00000000      0x728
 .debug_abbrev  0x00000000       0xb1 C:\Users\alova\AppData\Local\Temp\ccAix3qx.ltrans0.ltrans.o
 .debug_abbrev  0x000000b1      0x167 C:\Users\alova\AppData\Local\Temp\ccepHY9k.debug.temp.o
 .debug_abbrev  0x00000218       0xaf C:\Users\alova\AppData\Local\Temp\cc2Edq6b.debug.temp.o
 .debug_abbrev  0x000002c7      0x1ed C:\Users\alova\AppData\Local\Temp\ccATT2nC.debug.temp.o
 .debug_abbrev  0x000004b4      0x250 C:\Users\alova\AppData\Local\Temp\ccWj9eB2.debug.temp.o
 .debug_abbrev  0x00000704       0x24 ./platform/source/startup_k1921vg015.o

.debug_loclists
                0x00000000      0x12e
 .debug_loclists
                0x00000000      0x12e C:\Users\alova\AppData\Local\Temp\ccAix3qx.ltrans0.ltrans.o

.debug_aranges  0x00000000       0xa8
 .debug_aranges
                0x00000000       0x80 C:\Users\alova\AppData\Local\Temp\ccAix3qx.ltrans0.ltrans.o
 .debug_aranges
                0x00000080       0x28 ./platform/source/startup_k1921vg015.o

.debug_rnglists
                0x00000000       0x79
 .debug_rnglists
                0x00000000       0x5e C:\Users\alova\AppData\Local\Temp\ccAix3qx.ltrans0.ltrans.o
 .debug_rnglists
                0x0000005e       0x1b ./platform/source/startup_k1921vg015.o

.debug_line     0x00000000      0xd8c
 .debug_line    0x00000000      0x952 C:\Users\alova\AppData\Local\Temp\ccAix3qx.ltrans0.ltrans.o
 .debug_line    0x00000952       0x80 C:\Users\alova\AppData\Local\Temp\ccepHY9k.debug.temp.o
 .debug_line    0x000009d2       0xf3 C:\Users\alova\AppData\Local\Temp\cc2Edq6b.debug.temp.o
 .debug_line    0x00000ac5       0x8f C:\Users\alova\AppData\Local\Temp\ccATT2nC.debug.temp.o
 .debug_line    0x00000b54       0xd5 C:\Users\alova\AppData\Local\Temp\ccWj9eB2.debug.temp.o
 .debug_line    0x00000c29      0x163 ./platform/source/startup_k1921vg015.o

.debug_str      0x00000000    0x2a931
 .debug_str     0x00000000      0x173 C:\Users\alova\AppData\Local\Temp\ccAix3qx.ltrans0.ltrans.o
 .debug_str     0x00000000     0x4124 C:\Users\alova\AppData\Local\Temp\ccepHY9k.debug.temp.o
 .debug_str     0x00000000     0x7b02 C:\Users\alova\AppData\Local\Temp\cc2Edq6b.debug.temp.o
 .debug_str     0x00000000    0x24c5a C:\Users\alova\AppData\Local\Temp\ccATT2nC.debug.temp.o
 .debug_str     0x00000000    0x2888c C:\Users\alova\AppData\Local\Temp\ccWj9eB2.debug.temp.o
 .debug_str     0x00000000    0x2a931 ./platform/source/startup_k1921vg015.o
                                 0x6b (size before relaxing)

.debug_line_str
                0x00000000      0x343
 .debug_line_str
                0x00000000       0xb1 C:\Users\alova\AppData\Local\Temp\ccAix3qx.ltrans0.ltrans.o
 .debug_line_str
                0x00000000      0x1d5 C:\Users\alova\AppData\Local\Temp\ccepHY9k.debug.temp.o
 .debug_line_str
                0x00000000      0x29c C:\Users\alova\AppData\Local\Temp\cc2Edq6b.debug.temp.o
 .debug_line_str
                0x00000000      0x217 C:\Users\alova\AppData\Local\Temp\ccATT2nC.debug.temp.o
 .debug_line_str
                0x00000000      0x245 C:\Users\alova\AppData\Local\Temp\ccWj9eB2.debug.temp.o
 .debug_line_str
                0x00000000      0x343 ./platform/source/startup_k1921vg015.o
                                 0x52 (size before relaxing)

.comment        0x00000000       0x12
 .comment       0x00000000       0x13 C:\Users\alova\AppData\Local\Temp\ccAix3qx.ltrans0.ltrans.o
 .comment       0x00000000       0x12 C:/Syntacore/sc-dt/riscv-gcc/bin/../lib/gcc/riscv64-unknown-elf/14.2.0/../../../../riscv64-unknown-elf/lib/rv32imfc_zicsr/ilp32f\libc.a(libc_a-memcpy.o)
                                 0x13 (size before relaxing)

.note.GNU-stack
                0x00000000        0x0
 .note.GNU-stack
                0x00000000        0x0 C:\Users\alova\AppData\Local\Temp\ccAix3qx.ltrans0.ltrans.o
 .note.GNU-stack
                0x00000000        0x0 C:/Syntacore/sc-dt/riscv-gcc/bin/../lib/gcc/riscv64-unknown-elf/14.2.0/../../../../riscv64-unknown-elf/lib/rv32imfc_zicsr/ilp32f\libc.a(libc_a-memcpy.o)

.riscv.attributes
                0x00000000       0x41
 .riscv.attributes
                0x00000000       0x41 C:\Users\alova\AppData\Local\Temp\ccAix3qx.ltrans0.ltrans.o
 .riscv.attributes
                0x00000041       0x3a ./platform/source/startup_k1921vg015.o
 .riscv.attributes
                0x0000007b       0x3b C:/Syntacore/sc-dt/riscv-gcc/bin/../lib/gcc/riscv64-unknown-elf/14.2.0/../../../../riscv64-unknown-elf/lib/rv32imfc_zicsr/ilp32f\libc.a(libc_a-memset.o)
 .riscv.attributes
                0x000000b6       0x3d C:/Syntacore/sc-dt/riscv-gcc/bin/../lib/gcc/riscv64-unknown-elf/14.2.0/../../../../riscv64-unknown-elf/lib/rv32imfc_zicsr/ilp32f\libc.a(libc_a-memcpy.o)

.debug_frame    0x00000000      0x134
 .debug_frame   0x00000000      0x134 C:\Users\alova\AppData\Local\Temp\ccAix3qx.ltrans0.ltrans.o

.debug_macro    0x00000000     0x9333
 .debug_macro   0x00000000       0xe9 C:\Users\alova\AppData\Local\Temp\ccepHY9k.debug.temp.o
 .debug_macro   0x000000e9      0x7f0 C:\Users\alova\AppData\Local\Temp\ccepHY9k.debug.temp.o
 .debug_macro   0x000008d9       0x1c C:\Users\alova\AppData\Local\Temp\ccepHY9k.debug.temp.o
 .debug_macro   0x000008f5       0x34 C:\Users\alova\AppData\Local\Temp\ccepHY9k.debug.temp.o
 .debug_macro   0x00000929       0x22 C:\Users\alova\AppData\Local\Temp\ccepHY9k.debug.temp.o
 .debug_macro   0x0000094b       0x8e C:\Users\alova\AppData\Local\Temp\ccepHY9k.debug.temp.o
 .debug_macro   0x000009d9       0x51 C:\Users\alova\AppData\Local\Temp\ccepHY9k.debug.temp.o
 .debug_macro   0x00000a2a      0x103 C:\Users\alova\AppData\Local\Temp\ccepHY9k.debug.temp.o
 .debug_macro   0x00000b2d       0x6a C:\Users\alova\AppData\Local\Temp\ccepHY9k.debug.temp.o
 .debug_macro   0x00000b97      0x1df C:\Users\alova\AppData\Local\Temp\ccepHY9k.debug.temp.o
 .debug_macro   0x00000d76       0xd0 C:\Users\alova\AppData\Local\Temp\ccepHY9k.debug.temp.o
 .debug_macro   0x00000e46      0x1bf C:\Users\alova\AppData\Local\Temp\cc2Edq6b.debug.temp.o
 .debug_macro   0x00001005      0x190 C:\Users\alova\AppData\Local\Temp\cc2Edq6b.debug.temp.o
 .debug_macro   0x00001195      0x23c C:\Users\alova\AppData\Local\Temp\cc2Edq6b.debug.temp.o
 .debug_macro   0x000013d1       0x10 C:\Users\alova\AppData\Local\Temp\cc2Edq6b.debug.temp.o
 .debug_macro   0x000013e1       0x3c C:\Users\alova\AppData\Local\Temp\cc2Edq6b.debug.temp.o
 .debug_macro   0x0000141d       0x16 C:\Users\alova\AppData\Local\Temp\cc2Edq6b.debug.temp.o
 .debug_macro   0x00001433       0x10 C:\Users\alova\AppData\Local\Temp\cc2Edq6b.debug.temp.o
 .debug_macro   0x00001443       0x1c C:\Users\alova\AppData\Local\Temp\cc2Edq6b.debug.temp.o
 .debug_macro   0x0000145f       0x52 C:\Users\alova\AppData\Local\Temp\cc2Edq6b.debug.temp.o
 .debug_macro   0x000014b1       0x22 C:\Users\alova\AppData\Local\Temp\cc2Edq6b.debug.temp.o
 .debug_macro   0x000014d3       0x10 C:\Users\alova\AppData\Local\Temp\cc2Edq6b.debug.temp.o
 .debug_macro   0x000014e3       0x52 C:\Users\alova\AppData\Local\Temp\cc2Edq6b.debug.temp.o
 .debug_macro   0x00001535       0xcf C:\Users\alova\AppData\Local\Temp\cc2Edq6b.debug.temp.o
 .debug_macro   0x00001604       0x1c C:\Users\alova\AppData\Local\Temp\cc2Edq6b.debug.temp.o
 .debug_macro   0x00001620       0x3d C:\Users\alova\AppData\Local\Temp\cc2Edq6b.debug.temp.o
 .debug_macro   0x0000165d      0x51a C:\Users\alova\AppData\Local\Temp\cc2Edq6b.debug.temp.o
 .debug_macro   0x00001b77       0x25 C:\Users\alova\AppData\Local\Temp\cc2Edq6b.debug.temp.o
 .debug_macro   0x00001b9c       0xa9 C:\Users\alova\AppData\Local\Temp\ccATT2nC.debug.temp.o
 .debug_macro   0x00001c45      0x10c C:\Users\alova\AppData\Local\Temp\ccATT2nC.debug.temp.o
 .debug_macro   0x00001d51       0xd6 C:\Users\alova\AppData\Local\Temp\ccATT2nC.debug.temp.o
 .debug_macro   0x00001e27       0x6a C:\Users\alova\AppData\Local\Temp\ccATT2nC.debug.temp.o
 .debug_macro   0x00001e91     0x721f C:\Users\alova\AppData\Local\Temp\ccATT2nC.debug.temp.o
 .debug_macro   0x000090b0      0x1db C:\Users\alova\AppData\Local\Temp\ccWj9eB2.debug.temp.o
 .debug_macro   0x0000928b       0x6e C:\Users\alova\AppData\Local\Temp\ccWj9eB2.debug.temp.o
 .debug_macro   0x000092f9       0x3a C:\Users\alova\AppData\Local\Temp\ccWj9eB2.debug.temp.o
