Archive member included to satisfy reference by file (symbol)

C:/Syntacore/sc-dt/riscv-gcc/bin/../lib/gcc/riscv64-unknown-elf/14.2.0/../../../../riscv64-unknown-elf/lib/rv32imfc_zicsr/ilp32f\libc.a(libc_a-memset.o)
                              ./platform/source/sys_init.o (symbol from plugin) (memset)
C:/Syntacore/sc-dt/riscv-gcc/bin/../lib/gcc/riscv64-unknown-elf/14.2.0/../../../../riscv64-unknown-elf/lib/rv32imfc_zicsr/ilp32f\libc.a(libc_a-memcpy.o)
                              ./platform/source/sys_init.o (symbol from plugin) (memcpy)
C:/Syntacore/sc-dt/riscv-gcc/bin/../lib/gcc/riscv64-unknown-elf/14.2.0/rv32imfc_zicsr/ilp32f\libgcc.a(divdf3.o)
                              C:\Users\alova\AppData\Local\Temp\ccF04Vl8.ltrans0.ltrans.o (__divdf3)
C:/Syntacore/sc-dt/riscv-gcc/bin/../lib/gcc/riscv64-unknown-elf/14.2.0/rv32imfc_zicsr/ilp32f\libgcc.a(fixdfsi.o)
                              C:\Users\alova\AppData\Local\Temp\ccF04Vl8.ltrans0.ltrans.o (__fixdfsi)
C:/Syntacore/sc-dt/riscv-gcc/bin/../lib/gcc/riscv64-unknown-elf/14.2.0/rv32imfc_zicsr/ilp32f\libgcc.a(floatunsidf.o)
                              C:\Users\alova\AppData\Local\Temp\ccF04Vl8.ltrans0.ltrans.o (__floatunsidf)
C:/Syntacore/sc-dt/riscv-gcc/bin/../lib/gcc/riscv64-unknown-elf/14.2.0/rv32imfc_zicsr/ilp32f\libgcc.a(_clzsi2.o)
                              C:/Syntacore/sc-dt/riscv-gcc/bin/../lib/gcc/riscv64-unknown-elf/14.2.0/rv32imfc_zicsr/ilp32f\libgcc.a(divdf3.o) (__clzsi2)
C:/Syntacore/sc-dt/riscv-gcc/bin/../lib/gcc/riscv64-unknown-elf/14.2.0/rv32imfc_zicsr/ilp32f\libgcc.a(_clz.o)
                              C:/Syntacore/sc-dt/riscv-gcc/bin/../lib/gcc/riscv64-unknown-elf/14.2.0/rv32imfc_zicsr/ilp32f\libgcc.a(_clzsi2.o) (__clz_tab)

Discarded input sections

 .text          0x00000000        0x0 C:\Users\alova\AppData\Local\Temp\ccF04Vl8.ltrans0.ltrans.o
 .bss           0x00000000        0x0 C:\Users\alova\AppData\Local\Temp\ccF04Vl8.ltrans0.ltrans.o
 .group         0x00000000        0xc C:\Users\alova\AppData\Local\Temp\ccXK1ORa.debug.temp.o
 .group         0x00000000        0xc C:\Users\alova\AppData\Local\Temp\ccXK1ORa.debug.temp.o
 .group         0x00000000        0xc C:\Users\alova\AppData\Local\Temp\ccXK1ORa.debug.temp.o
 .group         0x00000000        0xc C:\Users\alova\AppData\Local\Temp\ccXK1ORa.debug.temp.o
 .group         0x00000000        0xc C:\Users\alova\AppData\Local\Temp\ccXK1ORa.debug.temp.o
 .group         0x00000000        0xc C:\Users\alova\AppData\Local\Temp\ccXK1ORa.debug.temp.o
 .group         0x00000000        0xc C:\Users\alova\AppData\Local\Temp\ccXK1ORa.debug.temp.o
 .group         0x00000000        0xc C:\Users\alova\AppData\Local\Temp\ccXK1ORa.debug.temp.o
 .group         0x00000000        0xc C:\Users\alova\AppData\Local\Temp\ccXK1ORa.debug.temp.o
 .group         0x00000000        0xc C:\Users\alova\AppData\Local\Temp\ccXK1ORa.debug.temp.o
 .comment       0x00000000       0x13 C:\Users\alova\AppData\Local\Temp\ccXK1ORa.debug.temp.o
 .note.GNU-stack
                0x00000000        0x0 C:\Users\alova\AppData\Local\Temp\ccXK1ORa.debug.temp.o
 .group         0x00000000        0xc C:\Users\alova\AppData\Local\Temp\ccctSSpf.debug.temp.o
 .group         0x00000000        0xc C:\Users\alova\AppData\Local\Temp\ccctSSpf.debug.temp.o
 .group         0x00000000        0xc C:\Users\alova\AppData\Local\Temp\ccctSSpf.debug.temp.o
 .group         0x00000000        0xc C:\Users\alova\AppData\Local\Temp\ccctSSpf.debug.temp.o
 .group         0x00000000        0xc C:\Users\alova\AppData\Local\Temp\ccctSSpf.debug.temp.o
 .group         0x00000000        0xc C:\Users\alova\AppData\Local\Temp\ccctSSpf.debug.temp.o
 .group         0x00000000        0xc C:\Users\alova\AppData\Local\Temp\ccctSSpf.debug.temp.o
 .group         0x00000000        0xc C:\Users\alova\AppData\Local\Temp\ccctSSpf.debug.temp.o
 .group         0x00000000        0xc C:\Users\alova\AppData\Local\Temp\ccctSSpf.debug.temp.o
 .group         0x00000000        0xc C:\Users\alova\AppData\Local\Temp\ccctSSpf.debug.temp.o
 .group         0x00000000        0xc C:\Users\alova\AppData\Local\Temp\ccctSSpf.debug.temp.o
 .group         0x00000000        0xc C:\Users\alova\AppData\Local\Temp\ccctSSpf.debug.temp.o
 .group         0x00000000        0xc C:\Users\alova\AppData\Local\Temp\ccctSSpf.debug.temp.o
 .group         0x00000000        0xc C:\Users\alova\AppData\Local\Temp\ccctSSpf.debug.temp.o
 .group         0x00000000        0xc C:\Users\alova\AppData\Local\Temp\ccctSSpf.debug.temp.o
 .group         0x00000000        0xc C:\Users\alova\AppData\Local\Temp\ccctSSpf.debug.temp.o
 .group         0x00000000        0xc C:\Users\alova\AppData\Local\Temp\ccctSSpf.debug.temp.o
 .group         0x00000000        0xc C:\Users\alova\AppData\Local\Temp\ccctSSpf.debug.temp.o
 .group         0x00000000        0xc C:\Users\alova\AppData\Local\Temp\ccctSSpf.debug.temp.o
 .group         0x00000000        0xc C:\Users\alova\AppData\Local\Temp\ccctSSpf.debug.temp.o
 .group         0x00000000        0xc C:\Users\alova\AppData\Local\Temp\ccctSSpf.debug.temp.o
 .group         0x00000000        0xc C:\Users\alova\AppData\Local\Temp\ccctSSpf.debug.temp.o
 .group         0x00000000        0xc C:\Users\alova\AppData\Local\Temp\ccctSSpf.debug.temp.o
 .group         0x00000000        0xc C:\Users\alova\AppData\Local\Temp\ccctSSpf.debug.temp.o
 .group         0x00000000        0xc C:\Users\alova\AppData\Local\Temp\ccctSSpf.debug.temp.o
 .group         0x00000000        0xc C:\Users\alova\AppData\Local\Temp\ccctSSpf.debug.temp.o
 .group         0x00000000        0xc C:\Users\alova\AppData\Local\Temp\ccctSSpf.debug.temp.o
 .group         0x00000000        0xc C:\Users\alova\AppData\Local\Temp\ccctSSpf.debug.temp.o
 .group         0x00000000        0xc C:\Users\alova\AppData\Local\Temp\ccctSSpf.debug.temp.o
 .debug_macro   0x00000000      0x7f0 C:\Users\alova\AppData\Local\Temp\ccctSSpf.debug.temp.o
 .debug_macro   0x00000000       0x22 C:\Users\alova\AppData\Local\Temp\ccctSSpf.debug.temp.o
 .debug_macro   0x00000000      0x103 C:\Users\alova\AppData\Local\Temp\ccctSSpf.debug.temp.o
 .debug_macro   0x00000000       0x6a C:\Users\alova\AppData\Local\Temp\ccctSSpf.debug.temp.o
 .debug_macro   0x00000000      0x1df C:\Users\alova\AppData\Local\Temp\ccctSSpf.debug.temp.o
 .comment       0x00000000       0x13 C:\Users\alova\AppData\Local\Temp\ccctSSpf.debug.temp.o
 .note.GNU-stack
                0x00000000        0x0 C:\Users\alova\AppData\Local\Temp\ccctSSpf.debug.temp.o
 .group         0x00000000        0xc C:\Users\alova\AppData\Local\Temp\ccJq4rbj.debug.temp.o
 .group         0x00000000        0xc C:\Users\alova\AppData\Local\Temp\ccJq4rbj.debug.temp.o
 .group         0x00000000        0xc C:\Users\alova\AppData\Local\Temp\ccJq4rbj.debug.temp.o
 .group         0x00000000        0xc C:\Users\alova\AppData\Local\Temp\ccJq4rbj.debug.temp.o
 .group         0x00000000        0xc C:\Users\alova\AppData\Local\Temp\ccJq4rbj.debug.temp.o
 .group         0x00000000        0xc C:\Users\alova\AppData\Local\Temp\ccJq4rbj.debug.temp.o
 .group         0x00000000        0xc C:\Users\alova\AppData\Local\Temp\ccJq4rbj.debug.temp.o
 .group         0x00000000        0xc C:\Users\alova\AppData\Local\Temp\ccJq4rbj.debug.temp.o
 .group         0x00000000        0xc C:\Users\alova\AppData\Local\Temp\ccJq4rbj.debug.temp.o
 .group         0x00000000        0xc C:\Users\alova\AppData\Local\Temp\ccJq4rbj.debug.temp.o
 .group         0x00000000        0xc C:\Users\alova\AppData\Local\Temp\ccJq4rbj.debug.temp.o
 .group         0x00000000        0xc C:\Users\alova\AppData\Local\Temp\ccJq4rbj.debug.temp.o
 .group         0x00000000        0xc C:\Users\alova\AppData\Local\Temp\ccJq4rbj.debug.temp.o
 .group         0x00000000        0xc C:\Users\alova\AppData\Local\Temp\ccJq4rbj.debug.temp.o
 .group         0x00000000        0xc C:\Users\alova\AppData\Local\Temp\ccJq4rbj.debug.temp.o
 .group         0x00000000        0xc C:\Users\alova\AppData\Local\Temp\ccJq4rbj.debug.temp.o
 .group         0x00000000        0xc C:\Users\alova\AppData\Local\Temp\ccJq4rbj.debug.temp.o
 .group         0x00000000        0xc C:\Users\alova\AppData\Local\Temp\ccJq4rbj.debug.temp.o
 .group         0x00000000        0xc C:\Users\alova\AppData\Local\Temp\ccJq4rbj.debug.temp.o
 .group         0x00000000        0xc C:\Users\alova\AppData\Local\Temp\ccJq4rbj.debug.temp.o
 .group         0x00000000        0xc C:\Users\alova\AppData\Local\Temp\ccJq4rbj.debug.temp.o
 .group         0x00000000        0xc C:\Users\alova\AppData\Local\Temp\ccJq4rbj.debug.temp.o
 .group         0x00000000        0xc C:\Users\alova\AppData\Local\Temp\ccJq4rbj.debug.temp.o
 .group         0x00000000        0xc C:\Users\alova\AppData\Local\Temp\ccJq4rbj.debug.temp.o
 .group         0x00000000        0xc C:\Users\alova\AppData\Local\Temp\ccJq4rbj.debug.temp.o
 .group         0x00000000        0xc C:\Users\alova\AppData\Local\Temp\ccJq4rbj.debug.temp.o
 .group         0x00000000        0xc C:\Users\alova\AppData\Local\Temp\ccJq4rbj.debug.temp.o
 .group         0x00000000        0xc C:\Users\alova\AppData\Local\Temp\ccJq4rbj.debug.temp.o
 .group         0x00000000        0xc C:\Users\alova\AppData\Local\Temp\ccJq4rbj.debug.temp.o
 .group         0x00000000        0xc C:\Users\alova\AppData\Local\Temp\ccJq4rbj.debug.temp.o
 .group         0x00000000        0xc C:\Users\alova\AppData\Local\Temp\ccJq4rbj.debug.temp.o
 .group         0x00000000        0xc C:\Users\alova\AppData\Local\Temp\ccJq4rbj.debug.temp.o
 .debug_macro   0x00000000      0x7f0 C:\Users\alova\AppData\Local\Temp\ccJq4rbj.debug.temp.o
 .debug_macro   0x00000000       0x22 C:\Users\alova\AppData\Local\Temp\ccJq4rbj.debug.temp.o
 .debug_macro   0x00000000       0x68 C:\Users\alova\AppData\Local\Temp\ccJq4rbj.debug.temp.o
 .debug_macro   0x00000000       0x20 C:\Users\alova\AppData\Local\Temp\ccJq4rbj.debug.temp.o
 .debug_macro   0x00000000       0x94 C:\Users\alova\AppData\Local\Temp\ccJq4rbj.debug.temp.o
 .debug_macro   0x00000000       0x3b C:\Users\alova\AppData\Local\Temp\ccJq4rbj.debug.temp.o
 .debug_macro   0x00000000       0x34 C:\Users\alova\AppData\Local\Temp\ccJq4rbj.debug.temp.o
 .debug_macro   0x00000000       0x57 C:\Users\alova\AppData\Local\Temp\ccJq4rbj.debug.temp.o
 .debug_macro   0x00000000      0x364 C:\Users\alova\AppData\Local\Temp\ccJq4rbj.debug.temp.o
 .debug_macro   0x00000000       0x16 C:\Users\alova\AppData\Local\Temp\ccJq4rbj.debug.temp.o
 .debug_macro   0x00000000       0x4a C:\Users\alova\AppData\Local\Temp\ccJq4rbj.debug.temp.o
 .debug_macro   0x00000000       0x34 C:\Users\alova\AppData\Local\Temp\ccJq4rbj.debug.temp.o
 .debug_macro   0x00000000       0x10 C:\Users\alova\AppData\Local\Temp\ccJq4rbj.debug.temp.o
 .debug_macro   0x00000000       0x58 C:\Users\alova\AppData\Local\Temp\ccJq4rbj.debug.temp.o
 .debug_macro   0x00000000      0x1de C:\Users\alova\AppData\Local\Temp\ccJq4rbj.debug.temp.o
 .debug_macro   0x00000000       0x6a C:\Users\alova\AppData\Local\Temp\ccJq4rbj.debug.temp.o
 .comment       0x00000000       0x13 C:\Users\alova\AppData\Local\Temp\ccJq4rbj.debug.temp.o
 .note.GNU-stack
                0x00000000        0x0 C:\Users\alova\AppData\Local\Temp\ccJq4rbj.debug.temp.o
 .group         0x00000000        0xc C:\Users\alova\AppData\Local\Temp\cc6Gusen.debug.temp.o
 .group         0x00000000        0xc C:\Users\alova\AppData\Local\Temp\cc6Gusen.debug.temp.o
 .group         0x00000000        0xc C:\Users\alova\AppData\Local\Temp\cc6Gusen.debug.temp.o
 .group         0x00000000        0xc C:\Users\alova\AppData\Local\Temp\cc6Gusen.debug.temp.o
 .group         0x00000000        0xc C:\Users\alova\AppData\Local\Temp\cc6Gusen.debug.temp.o
 .group         0x00000000        0xc C:\Users\alova\AppData\Local\Temp\cc6Gusen.debug.temp.o
 .group         0x00000000        0xc C:\Users\alova\AppData\Local\Temp\cc6Gusen.debug.temp.o
 .group         0x00000000        0xc C:\Users\alova\AppData\Local\Temp\cc6Gusen.debug.temp.o
 .group         0x00000000        0xc C:\Users\alova\AppData\Local\Temp\cc6Gusen.debug.temp.o
 .group         0x00000000        0xc C:\Users\alova\AppData\Local\Temp\cc6Gusen.debug.temp.o
 .group         0x00000000        0xc C:\Users\alova\AppData\Local\Temp\cc6Gusen.debug.temp.o
 .group         0x00000000        0xc C:\Users\alova\AppData\Local\Temp\cc6Gusen.debug.temp.o
 .group         0x00000000        0xc C:\Users\alova\AppData\Local\Temp\cc6Gusen.debug.temp.o
 .debug_macro   0x00000000      0x7f0 C:\Users\alova\AppData\Local\Temp\cc6Gusen.debug.temp.o
 .debug_macro   0x00000000       0x22 C:\Users\alova\AppData\Local\Temp\cc6Gusen.debug.temp.o
 .debug_macro   0x00000000       0x8e C:\Users\alova\AppData\Local\Temp\cc6Gusen.debug.temp.o
 .debug_macro   0x00000000       0x51 C:\Users\alova\AppData\Local\Temp\cc6Gusen.debug.temp.o
 .debug_macro   0x00000000      0x103 C:\Users\alova\AppData\Local\Temp\cc6Gusen.debug.temp.o
 .debug_macro   0x00000000       0x6a C:\Users\alova\AppData\Local\Temp\cc6Gusen.debug.temp.o
 .debug_macro   0x00000000      0x1df C:\Users\alova\AppData\Local\Temp\cc6Gusen.debug.temp.o
 .debug_macro   0x00000000       0x1c C:\Users\alova\AppData\Local\Temp\cc6Gusen.debug.temp.o
 .debug_macro   0x00000000       0x34 C:\Users\alova\AppData\Local\Temp\cc6Gusen.debug.temp.o
 .comment       0x00000000       0x13 C:\Users\alova\AppData\Local\Temp\cc6Gusen.debug.temp.o
 .note.GNU-stack
                0x00000000        0x0 C:\Users\alova\AppData\Local\Temp\cc6Gusen.debug.temp.o
 .group         0x00000000        0xc C:\Users\alova\AppData\Local\Temp\cchdkApv.debug.temp.o
 .group         0x00000000        0xc C:\Users\alova\AppData\Local\Temp\cchdkApv.debug.temp.o
 .group         0x00000000        0xc C:\Users\alova\AppData\Local\Temp\cchdkApv.debug.temp.o
 .group         0x00000000        0xc C:\Users\alova\AppData\Local\Temp\cchdkApv.debug.temp.o
 .group         0x00000000        0xc C:\Users\alova\AppData\Local\Temp\cchdkApv.debug.temp.o
 .group         0x00000000        0xc C:\Users\alova\AppData\Local\Temp\cchdkApv.debug.temp.o
 .group         0x00000000        0xc C:\Users\alova\AppData\Local\Temp\cchdkApv.debug.temp.o
 .group         0x00000000        0xc C:\Users\alova\AppData\Local\Temp\cchdkApv.debug.temp.o
 .group         0x00000000        0xc C:\Users\alova\AppData\Local\Temp\cchdkApv.debug.temp.o
 .group         0x00000000        0xc C:\Users\alova\AppData\Local\Temp\cchdkApv.debug.temp.o
 .group         0x00000000        0xc C:\Users\alova\AppData\Local\Temp\cchdkApv.debug.temp.o
 .group         0x00000000        0xc C:\Users\alova\AppData\Local\Temp\cchdkApv.debug.temp.o
 .group         0x00000000        0xc C:\Users\alova\AppData\Local\Temp\cchdkApv.debug.temp.o
 .group         0x00000000        0xc C:\Users\alova\AppData\Local\Temp\cchdkApv.debug.temp.o
 .group         0x00000000        0xc C:\Users\alova\AppData\Local\Temp\cchdkApv.debug.temp.o
 .group         0x00000000        0xc C:\Users\alova\AppData\Local\Temp\cchdkApv.debug.temp.o
 .group         0x00000000        0xc C:\Users\alova\AppData\Local\Temp\cchdkApv.debug.temp.o
 .group         0x00000000        0xc C:\Users\alova\AppData\Local\Temp\cchdkApv.debug.temp.o
 .group         0x00000000        0xc C:\Users\alova\AppData\Local\Temp\cchdkApv.debug.temp.o
 .group         0x00000000        0xc C:\Users\alova\AppData\Local\Temp\cchdkApv.debug.temp.o
 .group         0x00000000        0xc C:\Users\alova\AppData\Local\Temp\cchdkApv.debug.temp.o
 .group         0x00000000        0xc C:\Users\alova\AppData\Local\Temp\cchdkApv.debug.temp.o
 .group         0x00000000        0xc C:\Users\alova\AppData\Local\Temp\cchdkApv.debug.temp.o
 .group         0x00000000        0xc C:\Users\alova\AppData\Local\Temp\cchdkApv.debug.temp.o
 .group         0x00000000        0xc C:\Users\alova\AppData\Local\Temp\cchdkApv.debug.temp.o
 .group         0x00000000        0xc C:\Users\alova\AppData\Local\Temp\cchdkApv.debug.temp.o
 .group         0x00000000        0xc C:\Users\alova\AppData\Local\Temp\cchdkApv.debug.temp.o
 .group         0x00000000        0xc C:\Users\alova\AppData\Local\Temp\cchdkApv.debug.temp.o
 .group         0x00000000        0xc C:\Users\alova\AppData\Local\Temp\cchdkApv.debug.temp.o
 .group         0x00000000        0xc C:\Users\alova\AppData\Local\Temp\cchdkApv.debug.temp.o
 .group         0x00000000        0xc C:\Users\alova\AppData\Local\Temp\cchdkApv.debug.temp.o
 .group         0x00000000        0xc C:\Users\alova\AppData\Local\Temp\cchdkApv.debug.temp.o
 .group         0x00000000        0xc C:\Users\alova\AppData\Local\Temp\cchdkApv.debug.temp.o
 .group         0x00000000        0xc C:\Users\alova\AppData\Local\Temp\cchdkApv.debug.temp.o
 .group         0x00000000        0xc C:\Users\alova\AppData\Local\Temp\cchdkApv.debug.temp.o
 .debug_macro   0x00000000      0x7f0 C:\Users\alova\AppData\Local\Temp\cchdkApv.debug.temp.o
 .debug_macro   0x00000000       0x1c C:\Users\alova\AppData\Local\Temp\cchdkApv.debug.temp.o
 .debug_macro   0x00000000       0x22 C:\Users\alova\AppData\Local\Temp\cchdkApv.debug.temp.o
 .debug_macro   0x00000000       0x8e C:\Users\alova\AppData\Local\Temp\cchdkApv.debug.temp.o
 .debug_macro   0x00000000       0x51 C:\Users\alova\AppData\Local\Temp\cchdkApv.debug.temp.o
 .debug_macro   0x00000000      0x103 C:\Users\alova\AppData\Local\Temp\cchdkApv.debug.temp.o
 .debug_macro   0x00000000       0x6a C:\Users\alova\AppData\Local\Temp\cchdkApv.debug.temp.o
 .debug_macro   0x00000000      0x1df C:\Users\alova\AppData\Local\Temp\cchdkApv.debug.temp.o
 .debug_macro   0x00000000     0x7207 C:\Users\alova\AppData\Local\Temp\cchdkApv.debug.temp.o
 .debug_macro   0x00000000       0x20 C:\Users\alova\AppData\Local\Temp\cchdkApv.debug.temp.o
 .debug_macro   0x00000000       0x3b C:\Users\alova\AppData\Local\Temp\cchdkApv.debug.temp.o
 .debug_macro   0x00000000       0x34 C:\Users\alova\AppData\Local\Temp\cchdkApv.debug.temp.o
 .debug_macro   0x00000000       0x16 C:\Users\alova\AppData\Local\Temp\cchdkApv.debug.temp.o
 .debug_macro   0x00000000       0x9e C:\Users\alova\AppData\Local\Temp\cchdkApv.debug.temp.o
 .debug_macro   0x00000000      0x364 C:\Users\alova\AppData\Local\Temp\cchdkApv.debug.temp.o
 .debug_macro   0x00000000      0x112 C:\Users\alova\AppData\Local\Temp\cchdkApv.debug.temp.o
 .debug_macro   0x00000000       0x10 C:\Users\alova\AppData\Local\Temp\cchdkApv.debug.temp.o
 .debug_macro   0x00000000       0x16 C:\Users\alova\AppData\Local\Temp\cchdkApv.debug.temp.o
 .debug_macro   0x00000000       0x4a C:\Users\alova\AppData\Local\Temp\cchdkApv.debug.temp.o
 .debug_macro   0x00000000       0x34 C:\Users\alova\AppData\Local\Temp\cchdkApv.debug.temp.o
 .debug_macro   0x00000000       0x10 C:\Users\alova\AppData\Local\Temp\cchdkApv.debug.temp.o
 .debug_macro   0x00000000       0x58 C:\Users\alova\AppData\Local\Temp\cchdkApv.debug.temp.o
 .debug_macro   0x00000000      0x1de C:\Users\alova\AppData\Local\Temp\cchdkApv.debug.temp.o
 .debug_macro   0x00000000       0x16 C:\Users\alova\AppData\Local\Temp\cchdkApv.debug.temp.o
 .debug_macro   0x00000000       0x16 C:\Users\alova\AppData\Local\Temp\cchdkApv.debug.temp.o
 .debug_macro   0x00000000      0x170 C:\Users\alova\AppData\Local\Temp\cchdkApv.debug.temp.o
 .debug_macro   0x00000000       0x1c C:\Users\alova\AppData\Local\Temp\cchdkApv.debug.temp.o
 .debug_macro   0x00000000       0x34 C:\Users\alova\AppData\Local\Temp\cchdkApv.debug.temp.o
 .debug_macro   0x00000000      0x10c C:\Users\alova\AppData\Local\Temp\cchdkApv.debug.temp.o
 .debug_macro   0x00000000       0xd6 C:\Users\alova\AppData\Local\Temp\cchdkApv.debug.temp.o
 .debug_macro   0x00000000       0x6a C:\Users\alova\AppData\Local\Temp\cchdkApv.debug.temp.o
 .debug_macro   0x00000000       0x3c C:\Users\alova\AppData\Local\Temp\cchdkApv.debug.temp.o
 .comment       0x00000000       0x13 C:\Users\alova\AppData\Local\Temp\cchdkApv.debug.temp.o
 .note.GNU-stack
                0x00000000        0x0 C:\Users\alova\AppData\Local\Temp\cchdkApv.debug.temp.o
 .group         0x00000000        0xc C:\Users\alova\AppData\Local\Temp\ccYBnfZC.debug.temp.o
 .group         0x00000000        0xc C:\Users\alova\AppData\Local\Temp\ccYBnfZC.debug.temp.o
 .group         0x00000000        0xc C:\Users\alova\AppData\Local\Temp\ccYBnfZC.debug.temp.o
 .group         0x00000000        0xc C:\Users\alova\AppData\Local\Temp\ccYBnfZC.debug.temp.o
 .group         0x00000000        0xc C:\Users\alova\AppData\Local\Temp\ccYBnfZC.debug.temp.o
 .group         0x00000000        0xc C:\Users\alova\AppData\Local\Temp\ccYBnfZC.debug.temp.o
 .group         0x00000000        0xc C:\Users\alova\AppData\Local\Temp\ccYBnfZC.debug.temp.o
 .group         0x00000000        0xc C:\Users\alova\AppData\Local\Temp\ccYBnfZC.debug.temp.o
 .group         0x00000000        0xc C:\Users\alova\AppData\Local\Temp\ccYBnfZC.debug.temp.o
 .group         0x00000000        0xc C:\Users\alova\AppData\Local\Temp\ccYBnfZC.debug.temp.o
 .debug_macro   0x00000000      0x7f0 C:\Users\alova\AppData\Local\Temp\ccYBnfZC.debug.temp.o
 .debug_macro   0x00000000       0x1c C:\Users\alova\AppData\Local\Temp\ccYBnfZC.debug.temp.o
 .debug_macro   0x00000000       0x22 C:\Users\alova\AppData\Local\Temp\ccYBnfZC.debug.temp.o
 .debug_macro   0x00000000       0x8e C:\Users\alova\AppData\Local\Temp\ccYBnfZC.debug.temp.o
 .debug_macro   0x00000000       0x51 C:\Users\alova\AppData\Local\Temp\ccYBnfZC.debug.temp.o
 .debug_macro   0x00000000      0x103 C:\Users\alova\AppData\Local\Temp\ccYBnfZC.debug.temp.o
 .debug_macro   0x00000000       0x6a C:\Users\alova\AppData\Local\Temp\ccYBnfZC.debug.temp.o
 .debug_macro   0x00000000      0x1df C:\Users\alova\AppData\Local\Temp\ccYBnfZC.debug.temp.o
 .debug_macro   0x00000000     0x7207 C:\Users\alova\AppData\Local\Temp\ccYBnfZC.debug.temp.o
 .debug_macro   0x00000000       0x34 C:\Users\alova\AppData\Local\Temp\ccYBnfZC.debug.temp.o
 .comment       0x00000000       0x13 C:\Users\alova\AppData\Local\Temp\ccYBnfZC.debug.temp.o
 .note.GNU-stack
                0x00000000        0x0 C:\Users\alova\AppData\Local\Temp\ccYBnfZC.debug.temp.o
 .text          0x00000000        0x0 ./platform/source/startup_k1921vg015.o
 .data          0x00000000        0x0 ./platform/source/startup_k1921vg015.o
 .bss           0x00000000        0x0 ./platform/source/startup_k1921vg015.o
 .data          0x00000000        0x0 C:/Syntacore/sc-dt/riscv-gcc/bin/../lib/gcc/riscv64-unknown-elf/14.2.0/../../../../riscv64-unknown-elf/lib/rv32imfc_zicsr/ilp32f\libc.a(libc_a-memset.o)
 .bss           0x00000000        0x0 C:/Syntacore/sc-dt/riscv-gcc/bin/../lib/gcc/riscv64-unknown-elf/14.2.0/../../../../riscv64-unknown-elf/lib/rv32imfc_zicsr/ilp32f\libc.a(libc_a-memset.o)
 .text          0x00000000        0x0 C:/Syntacore/sc-dt/riscv-gcc/bin/../lib/gcc/riscv64-unknown-elf/14.2.0/../../../../riscv64-unknown-elf/lib/rv32imfc_zicsr/ilp32f\libc.a(libc_a-memcpy.o)
 .data          0x00000000        0x0 C:/Syntacore/sc-dt/riscv-gcc/bin/../lib/gcc/riscv64-unknown-elf/14.2.0/../../../../riscv64-unknown-elf/lib/rv32imfc_zicsr/ilp32f\libc.a(libc_a-memcpy.o)
 .bss           0x00000000        0x0 C:/Syntacore/sc-dt/riscv-gcc/bin/../lib/gcc/riscv64-unknown-elf/14.2.0/../../../../riscv64-unknown-elf/lib/rv32imfc_zicsr/ilp32f\libc.a(libc_a-memcpy.o)
 .data          0x00000000        0x0 C:/Syntacore/sc-dt/riscv-gcc/bin/../lib/gcc/riscv64-unknown-elf/14.2.0/rv32imfc_zicsr/ilp32f\libgcc.a(divdf3.o)
 .bss           0x00000000        0x0 C:/Syntacore/sc-dt/riscv-gcc/bin/../lib/gcc/riscv64-unknown-elf/14.2.0/rv32imfc_zicsr/ilp32f\libgcc.a(divdf3.o)
 .data          0x00000000        0x0 C:/Syntacore/sc-dt/riscv-gcc/bin/../lib/gcc/riscv64-unknown-elf/14.2.0/rv32imfc_zicsr/ilp32f\libgcc.a(fixdfsi.o)
 .bss           0x00000000        0x0 C:/Syntacore/sc-dt/riscv-gcc/bin/../lib/gcc/riscv64-unknown-elf/14.2.0/rv32imfc_zicsr/ilp32f\libgcc.a(fixdfsi.o)
 .data          0x00000000        0x0 C:/Syntacore/sc-dt/riscv-gcc/bin/../lib/gcc/riscv64-unknown-elf/14.2.0/rv32imfc_zicsr/ilp32f\libgcc.a(floatunsidf.o)
 .bss           0x00000000        0x0 C:/Syntacore/sc-dt/riscv-gcc/bin/../lib/gcc/riscv64-unknown-elf/14.2.0/rv32imfc_zicsr/ilp32f\libgcc.a(floatunsidf.o)
 .data          0x00000000        0x0 C:/Syntacore/sc-dt/riscv-gcc/bin/../lib/gcc/riscv64-unknown-elf/14.2.0/rv32imfc_zicsr/ilp32f\libgcc.a(_clzsi2.o)
 .bss           0x00000000        0x0 C:/Syntacore/sc-dt/riscv-gcc/bin/../lib/gcc/riscv64-unknown-elf/14.2.0/rv32imfc_zicsr/ilp32f\libgcc.a(_clzsi2.o)
 .text          0x00000000        0x0 C:/Syntacore/sc-dt/riscv-gcc/bin/../lib/gcc/riscv64-unknown-elf/14.2.0/rv32imfc_zicsr/ilp32f\libgcc.a(_clz.o)
 .data          0x00000000        0x0 C:/Syntacore/sc-dt/riscv-gcc/bin/../lib/gcc/riscv64-unknown-elf/14.2.0/rv32imfc_zicsr/ilp32f\libgcc.a(_clz.o)
 .bss           0x00000000        0x0 C:/Syntacore/sc-dt/riscv-gcc/bin/../lib/gcc/riscv64-unknown-elf/14.2.0/rv32imfc_zicsr/ilp32f\libgcc.a(_clz.o)

Memory Configuration

Name             Origin             Length             Attributes
ROM              0x80000000         0x00100000         xrw
RAM0             0x40000000         0x00040000         xrw
RAM1             0x10000000         0x00010000         xrw
*default*        0x00000000         0xffffffff

Linker script and memory map

LOAD ./platform/source/plic.o
LOAD C:\Users\alova\AppData\Local\Temp\ccF04Vl8.ltrans0.ltrans.o
LOAD C:\Users\alova\AppData\Local\Temp\ccXK1ORa.debug.temp.o
LOAD C:\Users\alova\AppData\Local\Temp\ccctSSpf.debug.temp.o
LOAD C:\Users\alova\AppData\Local\Temp\ccJq4rbj.debug.temp.o
LOAD C:\Users\alova\AppData\Local\Temp\cc6Gusen.debug.temp.o
LOAD C:\Users\alova\AppData\Local\Temp\cchdkApv.debug.temp.o
LOAD C:\Users\alova\AppData\Local\Temp\ccYBnfZC.debug.temp.o
LOAD ./platform/source/printf.o
LOAD ./platform/source/startup_k1921vg015.o
LOAD ./platform/source/sys_init.o
LOAD ./platform/source/system_k1921vg015.o
LOAD ./main.o
LOAD ./retarget.o
LOAD C:/Syntacore/sc-dt/riscv-gcc/bin/../lib/gcc/riscv64-unknown-elf/14.2.0/rv32imfc_zicsr/ilp32f\libgcc.a
LOAD C:/Syntacore/sc-dt/riscv-gcc/bin/../lib/gcc/riscv64-unknown-elf/14.2.0/../../../../riscv64-unknown-elf/lib/rv32imfc_zicsr/ilp32f\libstdc++.a
LOAD C:/Syntacore/sc-dt/riscv-gcc/bin/../lib/gcc/riscv64-unknown-elf/14.2.0/../../../../riscv64-unknown-elf/lib/rv32imfc_zicsr/ilp32f\libm.a
LOAD C:/Syntacore/sc-dt/riscv-gcc/bin/../lib/gcc/riscv64-unknown-elf/14.2.0/../../../../riscv64-unknown-elf/lib/rv32imfc_zicsr/ilp32f\libc.a
LOAD C:/Syntacore/sc-dt/riscv-gcc/bin/../lib/gcc/riscv64-unknown-elf/14.2.0/rv32imfc_zicsr/ilp32f\libgcc.a
START GROUP
LOAD C:/Syntacore/sc-dt/riscv-gcc/bin/../lib/gcc/riscv64-unknown-elf/14.2.0/../../../../riscv64-unknown-elf/lib/rv32imfc_zicsr/ilp32f\libc.a
LOAD C:/Syntacore/sc-dt/riscv-gcc/bin/../lib/gcc/riscv64-unknown-elf/14.2.0/../../../../riscv64-unknown-elf/lib/rv32imfc_zicsr/ilp32f\libgloss.a
END GROUP
LOAD C:/Syntacore/sc-dt/riscv-gcc/bin/../lib/gcc/riscv64-unknown-elf/14.2.0/rv32imfc_zicsr/ilp32f\libgcc.a
                0x00000800                        STACK_SIZE = 0x800
                0x00000800                        STACK_SIZE = DEFINED (STACK_SIZE)?STACK_SIZE:0x800

.text.startup   0x80000000      0x108
 *(.startup.entry .startup.*)
 .startup.entry
                0x80000000       0xa8 ./platform/source/startup_k1921vg015.o
                0x80000000                _start
                0x8000008c                _hart_halt
                0x8000009c                exit
                0x800000a0                abort
                0x800000a4                app_init
                0x800000b0                        . = ALIGN (0x10)
 *fill*         0x800000a8        0x8 
 *(.init.rodata .init.rodata.*)
                0x800000b0                        . = ALIGN (0x10)
 *(.init.data .init.data.*)
                0x800000b0                        . = ALIGN (0x10)
 *(.init.text .init.text.*)
 .init.text     0x800000b0       0x58 C:\Users\alova\AppData\Local\Temp\ccF04Vl8.ltrans0.ltrans.o
                0x800000b0                plf_init
                0x80000000                        __TEXT_INIT_START__ = LOADADDR (.text.startup)
                0x00000108                        __TEXT_INIT_SIZE__ = SIZEOF (.text.startup)

.text.crt       0x80000140      0x184
 *(.text.crt*)
 .text.crt.trap_entry
                0x80000140      0x184 ./platform/source/startup_k1921vg015.o
                0x80000140                trap_entry

.text           0x800002c4     0x1caa
                [!provide]                        PROVIDE (__TEXT_START__ = .)
 *(.text .text.*)
 .text.PLIC_SetIrqHandler
                0x800002c4       0x1a C:\Users\alova\AppData\Local\Temp\ccF04Vl8.ltrans0.ltrans.o
 .text.PLIC_SetPriority
                0x800002de        0xc C:\Users\alova\AppData\Local\Temp\ccF04Vl8.ltrans0.ltrans.o
 .text.PLIC_IntEnable
                0x800002ea       0x2a C:\Users\alova\AppData\Local\Temp\ccF04Vl8.ltrans0.ltrans.o
 .text.PLIC_ClaimIrq
                0x80000314       0x12 C:\Users\alova\AppData\Local\Temp\ccF04Vl8.ltrans0.ltrans.o
 .text.PLIC_ClaimComplete
                0x80000326       0x12 C:\Users\alova\AppData\Local\Temp\ccF04Vl8.ltrans0.ltrans.o
 .text.PLIC_SetThreshold
                0x80000338       0x12 C:\Users\alova\AppData\Local\Temp\ccF04Vl8.ltrans0.ltrans.o
 .text.PLIC_MachHandler
                0x8000034a       0x2a C:\Users\alova\AppData\Local\Temp\ccF04Vl8.ltrans0.ltrans.o
 .text.PutChar  0x80000374        0x8 C:\Users\alova\AppData\Local\Temp\ccF04Vl8.ltrans0.ltrans.o
 .text.PutString
                0x8000037c       0x18 C:\Users\alova\AppData\Local\Temp\ccF04Vl8.ltrans0.ltrans.o
 .text.PutUnsignedInt
                0x80000394       0x82 C:\Users\alova\AppData\Local\Temp\ccF04Vl8.ltrans0.ltrans.o
 .text.PutSignedInt
                0x80000416       0xd2 C:\Users\alova\AppData\Local\Temp\ccF04Vl8.ltrans0.ltrans.o
 .text.PutHexa  0x800004e8       0x8a C:\Users\alova\AppData\Local\Temp\ccF04Vl8.ltrans0.ltrans.o
 .text.vsnprintf
                0x80000572      0x166 C:\Users\alova\AppData\Local\Temp\ccF04Vl8.ltrans0.ltrans.o
 .text.vsprintf
                0x800006d8       0x14 C:\Users\alova\AppData\Local\Temp\ccF04Vl8.ltrans0.ltrans.o
 .text.SystemCoreClockUpdate
                0x800006ec       0xdc C:\Users\alova\AppData\Local\Temp\ccF04Vl8.ltrans0.ltrans.o
 .text.ClkInit  0x800007c8       0xe6 C:\Users\alova\AppData\Local\Temp\ccF04Vl8.ltrans0.ltrans.o
 .text.InterruptEnable
                0x800008ae       0x26 C:\Users\alova\AppData\Local\Temp\ccF04Vl8.ltrans0.ltrans.o
 .text.SystemInit
                0x800008d4        0xc C:\Users\alova\AppData\Local\Temp\ccF04Vl8.ltrans0.ltrans.o
 .text.BSP_led_init
                0x800008e0       0x6c C:\Users\alova\AppData\Local\Temp\ccF04Vl8.ltrans0.ltrans.o
 .text.adcsar_init
                0x8000094c      0x178 C:\Users\alova\AppData\Local\Temp\ccF04Vl8.ltrans0.ltrans.o
 .text.TMR32_init
                0x80000ac4       0x5a C:\Users\alova\AppData\Local\Temp\ccF04Vl8.ltrans0.ltrans.o
 .text.TMR1_PWN_init
                0x80000b1e       0xf8 C:\Users\alova\AppData\Local\Temp\ccF04Vl8.ltrans0.ltrans.o
 .text.UART1_init
                0x80000c16       0x98 C:\Users\alova\AppData\Local\Temp\ccF04Vl8.ltrans0.ltrans.o
 .text.update_leds
                0x80000cae       0x76 C:\Users\alova\AppData\Local\Temp\ccF04Vl8.ltrans0.ltrans.o
 .text.retarget_init
                0x80000d24       0x6c C:\Users\alova\AppData\Local\Temp\ccF04Vl8.ltrans0.ltrans.o
 .text.retarget_put_char
                0x80000d90       0x16 C:\Users\alova\AppData\Local\Temp\ccF04Vl8.ltrans0.ltrans.o
 .text.PrintChar
                0x80000da6        0xc C:\Users\alova\AppData\Local\Temp\ccF04Vl8.ltrans0.ltrans.o
 .text.fputc    0x80000db2       0x32 C:\Users\alova\AppData\Local\Temp\ccF04Vl8.ltrans0.ltrans.o
 .text.fputs    0x80000de4       0x36 C:\Users\alova\AppData\Local\Temp\ccF04Vl8.ltrans0.ltrans.o
 .text.vfprintf
                0x80000e1a       0x66 C:\Users\alova\AppData\Local\Temp\ccF04Vl8.ltrans0.ltrans.o
 .text.vprintf  0x80000e80       0x16 C:\Users\alova\AppData\Local\Temp\ccF04Vl8.ltrans0.ltrans.o
 .text.Send_buff
                0x80000e96       0x32 C:\Users\alova\AppData\Local\Temp\ccF04Vl8.ltrans0.ltrans.o
 .text.printf   0x80000ec8       0x1e C:\Users\alova\AppData\Local\Temp\ccF04Vl8.ltrans0.ltrans.o
 .text.sprintf  0x80000ee6       0x1e C:\Users\alova\AppData\Local\Temp\ccF04Vl8.ltrans0.ltrans.o
 .text.periph_init
                0x80000f04       0xa2 C:\Users\alova\AppData\Local\Temp\ccF04Vl8.ltrans0.ltrans.o
 .text.TMR32_IRQHandler
                0x80000fa6      0x128 C:\Users\alova\AppData\Local\Temp\ccF04Vl8.ltrans0.ltrans.o
 .text.trap_handler
                0x800010ce       0x18 C:\Users\alova\AppData\Local\Temp\ccF04Vl8.ltrans0.ltrans.o
                0x800010ce                trap_handler
 .text.main     0x800010e6       0xc4 C:\Users\alova\AppData\Local\Temp\ccF04Vl8.ltrans0.ltrans.o
                0x800010e6                main
 .text          0x800011aa       0xa8 C:/Syntacore/sc-dt/riscv-gcc/bin/../lib/gcc/riscv64-unknown-elf/14.2.0/../../../../riscv64-unknown-elf/lib/rv32imfc_zicsr/ilp32f\libc.a(libc_a-memset.o)
                0x800011aa                memset
 .text.memcpy   0x80001252       0xec C:/Syntacore/sc-dt/riscv-gcc/bin/../lib/gcc/riscv64-unknown-elf/14.2.0/../../../../riscv64-unknown-elf/lib/rv32imfc_zicsr/ilp32f\libc.a(libc_a-memcpy.o)
                0x80001252                memcpy
 .text          0x8000133e      0xa6c C:/Syntacore/sc-dt/riscv-gcc/bin/../lib/gcc/riscv64-unknown-elf/14.2.0/rv32imfc_zicsr/ilp32f\libgcc.a(divdf3.o)
                0x8000133e                __divdf3
 .text          0x80001daa       0xe6 C:/Syntacore/sc-dt/riscv-gcc/bin/../lib/gcc/riscv64-unknown-elf/14.2.0/rv32imfc_zicsr/ilp32f\libgcc.a(fixdfsi.o)
                0x80001daa                __fixdfsi
 .text          0x80001e90       0x70 C:/Syntacore/sc-dt/riscv-gcc/bin/../lib/gcc/riscv64-unknown-elf/14.2.0/rv32imfc_zicsr/ilp32f\libgcc.a(floatunsidf.o)
                0x80001e90                __floatunsidf
 .text          0x80001f00       0x6e C:/Syntacore/sc-dt/riscv-gcc/bin/../lib/gcc/riscv64-unknown-elf/14.2.0/rv32imfc_zicsr/ilp32f\libgcc.a(_clzsi2.o)
                0x80001f00                __clzsi2
                [!provide]                        PROVIDE (__TEXT_END__ = .)

.tdata          0x80001f70        0x0
                [!provide]                        PROVIDE (_tls_data = .)
                0x80001f70                        PROVIDE (_tdata_start = .)
 *(.tdata .tdata.*)
                [!provide]                        PROVIDE (_tdata_end = .)

.tbss           0x80001f70        0x0
                [!provide]                        PROVIDE (_tbss_start = .)
 *(.tbss .tbss.*)
                0x80001f70                        . = ALIGN (0x4)
                0x80001f70                        PROVIDE (_tbss_end = .)
                0x00000000                        __TLS_SIZE__ = (((_tbss_end - _tdata_start) + 0xf) & 0xfffffffffffffff0)

.rodata         0x80001f70      0x282
 *(.rodata)
 .rodata        0x80001f70       0x88 C:\Users\alova\AppData\Local\Temp\ccF04Vl8.ltrans0.ltrans.o
 .rodata        0x80001ff8       0x40 C:/Syntacore/sc-dt/riscv-gcc/bin/../lib/gcc/riscv64-unknown-elf/14.2.0/rv32imfc_zicsr/ilp32f\libgcc.a(divdf3.o)
 .rodata        0x80002038      0x100 C:/Syntacore/sc-dt/riscv-gcc/bin/../lib/gcc/riscv64-unknown-elf/14.2.0/rv32imfc_zicsr/ilp32f\libgcc.a(_clz.o)
                0x80002038                __clz_tab
 *(.rodata.*)
 .rodata.vsnprintf
                0x80002138       0x84 C:\Users\alova\AppData\Local\Temp\ccF04Vl8.ltrans0.ltrans.o
 .rodata.vfprintf.str1.4
                0x800021bc       0x36 C:\Users\alova\AppData\Local\Temp\ccF04Vl8.ltrans0.ltrans.o
                                 0x24 (size before relaxing)
 .rodata.main.str1.4
                0x800021f2       0x12 C:\Users\alova\AppData\Local\Temp\ccF04Vl8.ltrans0.ltrans.o
 *(.gnu.linkonce.r.*)

.srodata        0x800021f8       0x20
 *(.srodata.cst16)
 *(.srodata.cst8)
 .srodata.cst8  0x800021f8       0x10 C:\Users\alova\AppData\Local\Temp\ccF04Vl8.ltrans0.ltrans.o
                                  0x8 (size before relaxing)
 .srodata.cst8  0x80002208        0x8 C:/Syntacore/sc-dt/riscv-gcc/bin/../lib/gcc/riscv64-unknown-elf/14.2.0/rv32imfc_zicsr/ilp32f\libgcc.a(divdf3.o)
 *(.srodata.cst4)
 .srodata.cst4  0x80002208       0x10 C:\Users\alova\AppData\Local\Temp\ccF04Vl8.ltrans0.ltrans.o
 *(.srodata.cst2)
 *(.srodata*)

.rela.dyn       0x80002218        0x0
 .rela.startup.entry
                0x80002218        0x0 ./platform/source/startup_k1921vg015.o
 .rela.text.crt.trap_entry
                0x80002218        0x0 ./platform/source/startup_k1921vg015.o
 .rela.init.text
                0x80002218        0x0 ./platform/source/startup_k1921vg015.o

.sdata          0x40000000       0x10 load address 0x80002218
                0x40000000                        __SDATA_BEGIN__ = .
 *(.sdata .sdata.* .sdata2.* .gnu.linkonce.s.*)
 .sdata.prev_button_state.1
                0x40000000        0x1 C:\Users\alova\AppData\Local\Temp\ccF04Vl8.ltrans0.ltrans.o
 .sdata.button_state.2
                0x40000001        0x1 C:\Users\alova\AppData\Local\Temp\ccF04Vl8.ltrans0.ltrans.o
 *fill*         0x40000002        0x2 
 .sdata.Ysm.3   0x40000004        0x4 C:\Users\alova\AppData\Local\Temp\ccF04Vl8.ltrans0.ltrans.o
 .sdata.flag_meows
                0x40000008        0x4 C:\Users\alova\AppData\Local\Temp\ccF04Vl8.ltrans0.ltrans.o
 .sdata.button_click_counter
                0x4000000c        0x4 C:\Users\alova\AppData\Local\Temp\ccF04Vl8.ltrans0.ltrans.o

.data           0x40000010      0x220 load address 0x80002228
                0x40000010                        __DATA_BEGIN__ = .
 *(.data .data.* .gnu.linkonce.d.*)
 .data          0x40000010      0x100 C:\Users\alova\AppData\Local\Temp\ccF04Vl8.ltrans0.ltrans.o
 .data.r        0x40000110      0x120 C:\Users\alova\AppData\Local\Temp\ccF04Vl8.ltrans0.ltrans.o
                0x40000230                        _edata = .
                [!provide]                        PROVIDE (edata = .)
                0x80002228                        PROVIDE (__data_source_start = LOADADDR (.data))
                0x40000010                        PROVIDE (__data_target_start = ADDR (.data))
                0x40000230                        PROVIDE (__data_target_end = (ADDR (.data) + SIZEOF (.data)))
                0x80002218                        PROVIDE (__sdata_source_start = LOADADDR (.sdata))
                0x40000000                        PROVIDE (__sdata_target_start = ADDR (.sdata))
                0x40000010                        PROVIDE (__sdata_target_end = (ADDR (.sdata) + SIZEOF (.sdata)))

.sbss           0x40000230       0x1c load address 0x80002448
                0x40000230                        PROVIDE (__bss_start = .)
 *(.sbss .sbss.* .gnu.linkonce.sb.*)
 .sbss.last_led_update.0
                0x40000230        0x4 C:\Users\alova\AppData\Local\Temp\ccF04Vl8.ltrans0.ltrans.o
 .sbss.meows_barks_counter
                0x40000234        0x4 C:\Users\alova\AppData\Local\Temp\ccF04Vl8.ltrans0.ltrans.o
 .sbss.cnt_tgl_meows
                0x40000238        0x4 C:\Users\alova\AppData\Local\Temp\ccF04Vl8.ltrans0.ltrans.o
 .sbss.led_shift
                0x4000023c        0x4 C:\Users\alova\AppData\Local\Temp\ccF04Vl8.ltrans0.ltrans.o
 .sbss.SystemCoreClock
                0x40000240        0x4 C:\Users\alova\AppData\Local\Temp\ccF04Vl8.ltrans0.ltrans.o
 .sbss.SystemPll1Clock
                0x40000244        0x4 C:\Users\alova\AppData\Local\Temp\ccF04Vl8.ltrans0.ltrans.o
 .sbss.SystemPll0Clock
                0x40000248        0x4 C:\Users\alova\AppData\Local\Temp\ccF04Vl8.ltrans0.ltrans.o
 *(.scommon)

.bss            0x4000024c       0x78 load address 0x80002448
 *(.bss .bss.* .gnu.linkonce.b.*)
 .bss.buff      0x4000024c       0x78 C:\Users\alova\AppData\Local\Temp\ccF04Vl8.ltrans0.ltrans.o
 *(COMMON)
                0x400002c4                        . = ALIGN (0x4)
                0x400002c4                        __BSS_END__ = .
                0x400002c4                        PROVIDE (__bss_end = .)
                [!provide]                        PROVIDE (_end = .)
                [!provide]                        PROVIDE (__end = .)
                0x40000780                        __global_pointer$ = MIN ((__DATA_BEGIN__ + 0x780), MAX ((__SDATA_BEGIN__ + 0x780), (__BSS_END__ - 0x780)))

.stack          0x4003f800      0x800
                0x4003f800                        PROVIDE (__STACK_START__ = .)
                0x40040000                        . = (. + STACK_SIZE)
 *fill*         0x4003f800      0x800 
                [!provide]                        PROVIDE (__C_STACK_TOP__ = .)
                [!provide]                        PROVIDE (__STACK_END__ = .)
                0x40040000                        PROVIDE (__TLS0_BASE__ = .)
                0x400002d0                        _heap_start = ALIGN (__bss_end, 0x10)
                0x4003f800                        _heap_end = DEFINED (HEAP_FIXED_AFTER_BSS)?MIN (ALIGN (__STACK_START__, 0x10), (_heap_start + HEAP_FIXED_AFTER_BSS)):ALIGN (__STACK_START__, 0x10)

/DISCARD/
 *(.init.text.plf_init_relocate)
 *(.eh_frame .eh_frame.*)
OUTPUT(Run_leds__2.elf elf32-littleriscv)

.debug_info     0x00000000     0xce92
 .debug_info    0x00000000      0xe57 C:\Users\alova\AppData\Local\Temp\ccF04Vl8.ltrans0.ltrans.o
 .debug_info    0x00000e57      0x39e C:\Users\alova\AppData\Local\Temp\ccXK1ORa.debug.temp.o
                0x00000e57                plic.c.21d8f78f
 .debug_info    0x000011f5      0xb76 C:\Users\alova\AppData\Local\Temp\ccctSSpf.debug.temp.o
                0x000011f5                printf.c.48218671
 .debug_info    0x00001d6b      0x15e C:\Users\alova\AppData\Local\Temp\ccJq4rbj.debug.temp.o
                0x00001d6b                sys_init.c.d9db5e6f
 .debug_info    0x00001ec9     0x2b82 C:\Users\alova\AppData\Local\Temp\cc6Gusen.debug.temp.o
                0x00001ec9                system_k1921vg015.c.08e00f8f
 .debug_info    0x00004a4b     0x5441 C:\Users\alova\AppData\Local\Temp\cchdkApv.debug.temp.o
                0x00004a4b                main.c.032fdd68
 .debug_info    0x00009e8c     0x2fd5 C:\Users\alova\AppData\Local\Temp\ccYBnfZC.debug.temp.o
                0x00009e8c                retarget.c.918a4a7b
 .debug_info    0x0000ce61       0x31 ./platform/source/startup_k1921vg015.o

.debug_abbrev   0x00000000      0xbe4
 .debug_abbrev  0x00000000       0xd9 C:\Users\alova\AppData\Local\Temp\ccF04Vl8.ltrans0.ltrans.o
 .debug_abbrev  0x000000d9      0x167 C:\Users\alova\AppData\Local\Temp\ccXK1ORa.debug.temp.o
 .debug_abbrev  0x00000240      0x277 C:\Users\alova\AppData\Local\Temp\ccctSSpf.debug.temp.o
 .debug_abbrev  0x000004b7       0xaf C:\Users\alova\AppData\Local\Temp\ccJq4rbj.debug.temp.o
 .debug_abbrev  0x00000566      0x1ed C:\Users\alova\AppData\Local\Temp\cc6Gusen.debug.temp.o
 .debug_abbrev  0x00000753      0x2ff C:\Users\alova\AppData\Local\Temp\cchdkApv.debug.temp.o
 .debug_abbrev  0x00000a52      0x16e C:\Users\alova\AppData\Local\Temp\ccYBnfZC.debug.temp.o
 .debug_abbrev  0x00000bc0       0x24 ./platform/source/startup_k1921vg015.o

.debug_loclists
                0x00000000      0x814
 .debug_loclists
                0x00000000      0x814 C:\Users\alova\AppData\Local\Temp\ccF04Vl8.ltrans0.ltrans.o

.debug_aranges  0x00000000      0x178
 .debug_aranges
                0x00000000      0x150 C:\Users\alova\AppData\Local\Temp\ccF04Vl8.ltrans0.ltrans.o
 .debug_aranges
                0x00000150       0x28 ./platform/source/startup_k1921vg015.o

.debug_rnglists
                0x00000000      0x11f
 .debug_rnglists
                0x00000000      0x104 C:\Users\alova\AppData\Local\Temp\ccF04Vl8.ltrans0.ltrans.o
 .debug_rnglists
                0x00000104       0x1b ./platform/source/startup_k1921vg015.o

.debug_line     0x00000000     0x2756
 .debug_line    0x00000000     0x21d1 C:\Users\alova\AppData\Local\Temp\ccF04Vl8.ltrans0.ltrans.o
 .debug_line    0x000021d1       0x80 C:\Users\alova\AppData\Local\Temp\ccXK1ORa.debug.temp.o
 .debug_line    0x00002251       0xbc C:\Users\alova\AppData\Local\Temp\ccctSSpf.debug.temp.o
 .debug_line    0x0000230d       0xf3 C:\Users\alova\AppData\Local\Temp\ccJq4rbj.debug.temp.o
 .debug_line    0x00002400       0x8f C:\Users\alova\AppData\Local\Temp\cc6Gusen.debug.temp.o
 .debug_line    0x0000248f       0xe9 C:\Users\alova\AppData\Local\Temp\cchdkApv.debug.temp.o
 .debug_line    0x00002578       0x7b C:\Users\alova\AppData\Local\Temp\ccYBnfZC.debug.temp.o
 .debug_line    0x000025f3      0x163 ./platform/source/startup_k1921vg015.o

.debug_str      0x00000000    0x2baaf
 .debug_str     0x00000000      0x1b4 C:\Users\alova\AppData\Local\Temp\ccF04Vl8.ltrans0.ltrans.o
 .debug_str     0x00000000     0x4124 C:\Users\alova\AppData\Local\Temp\ccXK1ORa.debug.temp.o
 .debug_str     0x00000000    0x26a06 C:\Users\alova\AppData\Local\Temp\ccctSSpf.debug.temp.o
 .debug_str     0x00000000     0x7b02 C:\Users\alova\AppData\Local\Temp\ccJq4rbj.debug.temp.o
 .debug_str     0x00000000    0x24c5a C:\Users\alova\AppData\Local\Temp\cc6Gusen.debug.temp.o
 .debug_str     0x00000000    0x295ec C:\Users\alova\AppData\Local\Temp\cchdkApv.debug.temp.o
 .debug_str     0x00000000    0x24093 C:\Users\alova\AppData\Local\Temp\ccYBnfZC.debug.temp.o
 .debug_str     0x00000000    0x2baaf ./platform/source/startup_k1921vg015.o
                                 0x6b (size before relaxing)

.debug_line_str
                0x00000000      0x36d
 .debug_line_str
                0x00000000       0xc8 C:\Users\alova\AppData\Local\Temp\ccF04Vl8.ltrans0.ltrans.o
 .debug_line_str
                0x00000000      0x1d5 C:\Users\alova\AppData\Local\Temp\ccXK1ORa.debug.temp.o
 .debug_line_str
                0x00000000      0x235 C:\Users\alova\AppData\Local\Temp\ccctSSpf.debug.temp.o
 .debug_line_str
                0x00000000      0x29c C:\Users\alova\AppData\Local\Temp\ccJq4rbj.debug.temp.o
 .debug_line_str
                0x00000000      0x217 C:\Users\alova\AppData\Local\Temp\cc6Gusen.debug.temp.o
 .debug_line_str
                0x00000000      0x262 C:\Users\alova\AppData\Local\Temp\cchdkApv.debug.temp.o
 .debug_line_str
                0x00000000      0x1bc C:\Users\alova\AppData\Local\Temp\ccYBnfZC.debug.temp.o
 .debug_line_str
                0x00000000      0x36d ./platform/source/startup_k1921vg015.o
                                 0x52 (size before relaxing)

.comment        0x00000000       0x12
 .comment       0x00000000       0x13 C:\Users\alova\AppData\Local\Temp\ccF04Vl8.ltrans0.ltrans.o
 .comment       0x00000000       0x12 C:/Syntacore/sc-dt/riscv-gcc/bin/../lib/gcc/riscv64-unknown-elf/14.2.0/../../../../riscv64-unknown-elf/lib/rv32imfc_zicsr/ilp32f\libc.a(libc_a-memcpy.o)
                                 0x13 (size before relaxing)
 .comment       0x00000012       0x13 C:/Syntacore/sc-dt/riscv-gcc/bin/../lib/gcc/riscv64-unknown-elf/14.2.0/rv32imfc_zicsr/ilp32f\libgcc.a(divdf3.o)
 .comment       0x00000012       0x13 C:/Syntacore/sc-dt/riscv-gcc/bin/../lib/gcc/riscv64-unknown-elf/14.2.0/rv32imfc_zicsr/ilp32f\libgcc.a(fixdfsi.o)
 .comment       0x00000012       0x13 C:/Syntacore/sc-dt/riscv-gcc/bin/../lib/gcc/riscv64-unknown-elf/14.2.0/rv32imfc_zicsr/ilp32f\libgcc.a(floatunsidf.o)
 .comment       0x00000012       0x13 C:/Syntacore/sc-dt/riscv-gcc/bin/../lib/gcc/riscv64-unknown-elf/14.2.0/rv32imfc_zicsr/ilp32f\libgcc.a(_clzsi2.o)
 .comment       0x00000012       0x13 C:/Syntacore/sc-dt/riscv-gcc/bin/../lib/gcc/riscv64-unknown-elf/14.2.0/rv32imfc_zicsr/ilp32f\libgcc.a(_clz.o)

.note.GNU-stack
                0x00000000        0x0
 .note.GNU-stack
                0x00000000        0x0 C:\Users\alova\AppData\Local\Temp\ccF04Vl8.ltrans0.ltrans.o
 .note.GNU-stack
                0x00000000        0x0 C:/Syntacore/sc-dt/riscv-gcc/bin/../lib/gcc/riscv64-unknown-elf/14.2.0/../../../../riscv64-unknown-elf/lib/rv32imfc_zicsr/ilp32f\libc.a(libc_a-memcpy.o)
 .note.GNU-stack
                0x00000000        0x0 C:/Syntacore/sc-dt/riscv-gcc/bin/../lib/gcc/riscv64-unknown-elf/14.2.0/rv32imfc_zicsr/ilp32f\libgcc.a(divdf3.o)
 .note.GNU-stack
                0x00000000        0x0 C:/Syntacore/sc-dt/riscv-gcc/bin/../lib/gcc/riscv64-unknown-elf/14.2.0/rv32imfc_zicsr/ilp32f\libgcc.a(fixdfsi.o)
 .note.GNU-stack
                0x00000000        0x0 C:/Syntacore/sc-dt/riscv-gcc/bin/../lib/gcc/riscv64-unknown-elf/14.2.0/rv32imfc_zicsr/ilp32f\libgcc.a(floatunsidf.o)
 .note.GNU-stack
                0x00000000        0x0 C:/Syntacore/sc-dt/riscv-gcc/bin/../lib/gcc/riscv64-unknown-elf/14.2.0/rv32imfc_zicsr/ilp32f\libgcc.a(_clzsi2.o)
 .note.GNU-stack
                0x00000000        0x0 C:/Syntacore/sc-dt/riscv-gcc/bin/../lib/gcc/riscv64-unknown-elf/14.2.0/rv32imfc_zicsr/ilp32f\libgcc.a(_clz.o)

.riscv.attributes
                0x00000000       0x41
 .riscv.attributes
                0x00000000       0x41 C:\Users\alova\AppData\Local\Temp\ccF04Vl8.ltrans0.ltrans.o
 .riscv.attributes
                0x00000041       0x3a ./platform/source/startup_k1921vg015.o
 .riscv.attributes
                0x0000007b       0x3b C:/Syntacore/sc-dt/riscv-gcc/bin/../lib/gcc/riscv64-unknown-elf/14.2.0/../../../../riscv64-unknown-elf/lib/rv32imfc_zicsr/ilp32f\libc.a(libc_a-memset.o)
 .riscv.attributes
                0x000000b6       0x3d C:/Syntacore/sc-dt/riscv-gcc/bin/../lib/gcc/riscv64-unknown-elf/14.2.0/../../../../riscv64-unknown-elf/lib/rv32imfc_zicsr/ilp32f\libc.a(libc_a-memcpy.o)
 .riscv.attributes
                0x000000f3       0x41 C:/Syntacore/sc-dt/riscv-gcc/bin/../lib/gcc/riscv64-unknown-elf/14.2.0/rv32imfc_zicsr/ilp32f\libgcc.a(divdf3.o)
 .riscv.attributes
                0x00000134       0x41 C:/Syntacore/sc-dt/riscv-gcc/bin/../lib/gcc/riscv64-unknown-elf/14.2.0/rv32imfc_zicsr/ilp32f\libgcc.a(fixdfsi.o)
 .riscv.attributes
                0x00000175       0x3d C:/Syntacore/sc-dt/riscv-gcc/bin/../lib/gcc/riscv64-unknown-elf/14.2.0/rv32imfc_zicsr/ilp32f\libgcc.a(floatunsidf.o)
 .riscv.attributes
                0x000001b2       0x3d C:/Syntacore/sc-dt/riscv-gcc/bin/../lib/gcc/riscv64-unknown-elf/14.2.0/rv32imfc_zicsr/ilp32f\libgcc.a(_clzsi2.o)
 .riscv.attributes
                0x000001ef       0x3d C:/Syntacore/sc-dt/riscv-gcc/bin/../lib/gcc/riscv64-unknown-elf/14.2.0/rv32imfc_zicsr/ilp32f\libgcc.a(_clz.o)

.debug_frame    0x00000000      0x438
 .debug_frame   0x00000000      0x438 C:\Users\alova\AppData\Local\Temp\ccF04Vl8.ltrans0.ltrans.o

.debug_macro    0x00000000    0x11398
 .debug_macro   0x00000000       0xe9 C:\Users\alova\AppData\Local\Temp\ccXK1ORa.debug.temp.o
 .debug_macro   0x000000e9      0x7f0 C:\Users\alova\AppData\Local\Temp\ccXK1ORa.debug.temp.o
 .debug_macro   0x000008d9       0x1c C:\Users\alova\AppData\Local\Temp\ccXK1ORa.debug.temp.o
 .debug_macro   0x000008f5       0x34 C:\Users\alova\AppData\Local\Temp\ccXK1ORa.debug.temp.o
 .debug_macro   0x00000929       0x22 C:\Users\alova\AppData\Local\Temp\ccXK1ORa.debug.temp.o
 .debug_macro   0x0000094b       0x8e C:\Users\alova\AppData\Local\Temp\ccXK1ORa.debug.temp.o
 .debug_macro   0x000009d9       0x51 C:\Users\alova\AppData\Local\Temp\ccXK1ORa.debug.temp.o
 .debug_macro   0x00000a2a      0x103 C:\Users\alova\AppData\Local\Temp\ccXK1ORa.debug.temp.o
 .debug_macro   0x00000b2d       0x6a C:\Users\alova\AppData\Local\Temp\ccXK1ORa.debug.temp.o
 .debug_macro   0x00000b97      0x1df C:\Users\alova\AppData\Local\Temp\ccXK1ORa.debug.temp.o
 .debug_macro   0x00000d76       0xd0 C:\Users\alova\AppData\Local\Temp\ccXK1ORa.debug.temp.o
 .debug_macro   0x00000e46      0x157 C:\Users\alova\AppData\Local\Temp\ccctSSpf.debug.temp.o
 .debug_macro   0x00000f9d       0x68 C:\Users\alova\AppData\Local\Temp\ccctSSpf.debug.temp.o
 .debug_macro   0x00001005       0x20 C:\Users\alova\AppData\Local\Temp\ccctSSpf.debug.temp.o
 .debug_macro   0x00001025       0x94 C:\Users\alova\AppData\Local\Temp\ccctSSpf.debug.temp.o
 .debug_macro   0x000010b9       0x3b C:\Users\alova\AppData\Local\Temp\ccctSSpf.debug.temp.o
 .debug_macro   0x000010f4       0x34 C:\Users\alova\AppData\Local\Temp\ccctSSpf.debug.temp.o
 .debug_macro   0x00001128       0x16 C:\Users\alova\AppData\Local\Temp\ccctSSpf.debug.temp.o
 .debug_macro   0x0000113e       0x57 C:\Users\alova\AppData\Local\Temp\ccctSSpf.debug.temp.o
 .debug_macro   0x00001195       0x9e C:\Users\alova\AppData\Local\Temp\ccctSSpf.debug.temp.o
 .debug_macro   0x00001233      0x364 C:\Users\alova\AppData\Local\Temp\ccctSSpf.debug.temp.o
 .debug_macro   0x00001597      0x112 C:\Users\alova\AppData\Local\Temp\ccctSSpf.debug.temp.o
 .debug_macro   0x000016a9       0x10 C:\Users\alova\AppData\Local\Temp\ccctSSpf.debug.temp.o
 .debug_macro   0x000016b9       0x16 C:\Users\alova\AppData\Local\Temp\ccctSSpf.debug.temp.o
 .debug_macro   0x000016cf       0x4a C:\Users\alova\AppData\Local\Temp\ccctSSpf.debug.temp.o
 .debug_macro   0x00001719       0x34 C:\Users\alova\AppData\Local\Temp\ccctSSpf.debug.temp.o
 .debug_macro   0x0000174d       0x10 C:\Users\alova\AppData\Local\Temp\ccctSSpf.debug.temp.o
 .debug_macro   0x0000175d       0x58 C:\Users\alova\AppData\Local\Temp\ccctSSpf.debug.temp.o
 .debug_macro   0x000017b5      0x1de C:\Users\alova\AppData\Local\Temp\ccctSSpf.debug.temp.o
 .debug_macro   0x00001993       0x16 C:\Users\alova\AppData\Local\Temp\ccctSSpf.debug.temp.o
 .debug_macro   0x000019a9       0x16 C:\Users\alova\AppData\Local\Temp\ccctSSpf.debug.temp.o
 .debug_macro   0x000019bf      0x170 C:\Users\alova\AppData\Local\Temp\ccctSSpf.debug.temp.o
 .debug_macro   0x00001b2f       0x4c C:\Users\alova\AppData\Local\Temp\ccctSSpf.debug.temp.o
 .debug_macro   0x00001b7b       0x1c C:\Users\alova\AppData\Local\Temp\ccctSSpf.debug.temp.o
 .debug_macro   0x00001b97     0x7207 C:\Users\alova\AppData\Local\Temp\ccctSSpf.debug.temp.o
 .debug_macro   0x00008d9e       0x34 C:\Users\alova\AppData\Local\Temp\ccctSSpf.debug.temp.o
 .debug_macro   0x00008dd2      0x1bf C:\Users\alova\AppData\Local\Temp\ccJq4rbj.debug.temp.o
 .debug_macro   0x00008f91      0x190 C:\Users\alova\AppData\Local\Temp\ccJq4rbj.debug.temp.o
 .debug_macro   0x00009121      0x23c C:\Users\alova\AppData\Local\Temp\ccJq4rbj.debug.temp.o
 .debug_macro   0x0000935d       0x10 C:\Users\alova\AppData\Local\Temp\ccJq4rbj.debug.temp.o
 .debug_macro   0x0000936d       0x3c C:\Users\alova\AppData\Local\Temp\ccJq4rbj.debug.temp.o
 .debug_macro   0x000093a9       0x16 C:\Users\alova\AppData\Local\Temp\ccJq4rbj.debug.temp.o
 .debug_macro   0x000093bf       0x10 C:\Users\alova\AppData\Local\Temp\ccJq4rbj.debug.temp.o
 .debug_macro   0x000093cf       0x1c C:\Users\alova\AppData\Local\Temp\ccJq4rbj.debug.temp.o
 .debug_macro   0x000093eb       0x52 C:\Users\alova\AppData\Local\Temp\ccJq4rbj.debug.temp.o
 .debug_macro   0x0000943d       0x22 C:\Users\alova\AppData\Local\Temp\ccJq4rbj.debug.temp.o
 .debug_macro   0x0000945f       0x10 C:\Users\alova\AppData\Local\Temp\ccJq4rbj.debug.temp.o
 .debug_macro   0x0000946f       0x52 C:\Users\alova\AppData\Local\Temp\ccJq4rbj.debug.temp.o
 .debug_macro   0x000094c1       0xcf C:\Users\alova\AppData\Local\Temp\ccJq4rbj.debug.temp.o
 .debug_macro   0x00009590       0x1c C:\Users\alova\AppData\Local\Temp\ccJq4rbj.debug.temp.o
 .debug_macro   0x000095ac       0x3d C:\Users\alova\AppData\Local\Temp\ccJq4rbj.debug.temp.o
 .debug_macro   0x000095e9      0x51a C:\Users\alova\AppData\Local\Temp\ccJq4rbj.debug.temp.o
 .debug_macro   0x00009b03       0x25 C:\Users\alova\AppData\Local\Temp\ccJq4rbj.debug.temp.o
 .debug_macro   0x00009b28       0xa9 C:\Users\alova\AppData\Local\Temp\cc6Gusen.debug.temp.o
 .debug_macro   0x00009bd1      0x10c C:\Users\alova\AppData\Local\Temp\cc6Gusen.debug.temp.o
 .debug_macro   0x00009cdd       0xd6 C:\Users\alova\AppData\Local\Temp\cc6Gusen.debug.temp.o
 .debug_macro   0x00009db3       0x6a C:\Users\alova\AppData\Local\Temp\cc6Gusen.debug.temp.o
 .debug_macro   0x00009e1d     0x721f C:\Users\alova\AppData\Local\Temp\cc6Gusen.debug.temp.o
 .debug_macro   0x0001103c      0x218 C:\Users\alova\AppData\Local\Temp\cchdkApv.debug.temp.o
 .debug_macro   0x00011254       0x6e C:\Users\alova\AppData\Local\Temp\cchdkApv.debug.temp.o
 .debug_macro   0x000112c2       0x3a C:\Users\alova\AppData\Local\Temp\cchdkApv.debug.temp.o
 .debug_macro   0x000112fc       0x16 C:\Users\alova\AppData\Local\Temp\cchdkApv.debug.temp.o
 .debug_macro   0x00011312       0x86 C:\Users\alova\AppData\Local\Temp\ccYBnfZC.debug.temp.o
